******************************************************************************
            TI ARM Clang Linker PC v3.2.2                      
******************************************************************************
>> Linked Wed Jun 12 10:47:36 2024

OUTPUT FILE NAME:   <adc_to_uart_LP_MSPM0G3507_nortos_ticlang.out>
ENTRY POINT SYMBOL: "_c_int00_noargs"  address: 000007f1


MEMORY CONFIGURATION

         name            origin    length      used     unused   attr    fill
----------------------  --------  ---------  --------  --------  ----  --------
  FLASH                 00000000   00020000  00000d88  0001f278  R  X
  SRAM                  20200000   00008000  000002ae  00007d52  RW X
  BCR_CONFIG            41c00000   00000080  00000000  00000080  R   
  BSL_CONFIG            41c00100   00000080  00000000  00000080  R   


SEGMENT ALLOCATION MAP

run origin  load origin   length   init length attrs members
----------  ----------- ---------- ----------- ----- -------
00000000    00000000    00000d88   00000d88    r-x
  00000000    00000000    000000c0   000000c0    r-- .intvecs
  000000c0    000000c0    00000c30   00000c30    r-x .text
  00000cf0    00000cf0    00000040   00000040    r-- .rodata
  00000d30    00000d30    00000058   00000058    r-- .cinit
20200000    20200000    000000ae   00000000    rw-
  20200000    20200000    0000006c   00000000    rw- .bss
  2020006c    2020006c    00000042   00000000    rw- .data
20207e00    20207e00    00000200   00000000    rw-
  20207e00    20207e00    00000200   00000000    rw- .stack


SECTION ALLOCATION MAP

 output                                  attributes/
section   page    origin      length       input sections
--------  ----  ----------  ----------   ----------------
.intvecs   0    00000000    000000c0     
                  00000000    000000c0     startup_mspm0g350x_ticlang.o (.intvecs)

.text      0    000000c0    00000c30     
                  000000c0    000000dc     adc_to_uart.o (.text.main)
                  0000019c    000000a8     dl_uart_custom.o (.text.HAL_UART_Transmit)
                  00000244    00000090     ti_msp_dl_config.o (.text.SYSCFG_DL_ADC12_0_init)
                  000002d4    00000078     libc.a : copy_decompress_lzss.c.obj (.text:decompress:lzss)
                  0000034c    00000054     ti_msp_dl_config.o (.text.SYSCFG_DL_initPower)
                  000003a0    00000050     ti_msp_dl_config.o (.text.SYSCFG_DL_GPIO_init)
                  000003f0    0000004c     dl_adc12.o (.text.DL_ADC12_setClockConfig)
                  0000043c    0000004c     dl_uart.o (.text.DL_UART_init)
                  00000488    0000004c     ti_msp_dl_config.o (.text.DL_UART_setBaudRateDivisor)
                  000004d4    0000004a     ti_msp_dl_config.o (.text.DL_ADC12_configConversionMem)
                  0000051e    00000002     --HOLE-- [fill = 0]
                  00000520    00000048     ti_msp_dl_config.o (.text.SYSCFG_DL_UART_0_init)
                  00000568    00000048     message_log.o (.text.send_log_message)
                  000005b0    00000040     adc_to_uart.o (.text.send_plot_data)
                  000005f0    0000003c     libc.a : autoinit.c.obj (.text:__TI_auto_init_nobinit_nopinit)
                  0000062c    00000034     flag.o (.text.toggle_flag)
                  00000660    00000030     adc_to_uart.o (.text.ADC0_IRQHandler)
                  00000690    00000030     adc_to_uart.o (.text.DL_ADC12_getMemResult)
                  000006c0    00000030     adc_to_uart.o (.text.UART0_IRQHandler)
                  000006f0    00000030     flag.o (.text.wait_ADC_conversion_done)
                  00000720    0000002c     adc_to_uart.o (.text.__NVIC_EnableIRQ)
                  0000074c    0000002a     ti_msp_dl_config.o (.text.SYSCFG_DL_SYSCTL_init)
                  00000776    00000028     dl_adc12.o (.text.DL_Common_updateReg)
                  0000079e    00000028     dl_uart.o (.text.DL_Common_updateReg)
                  000007c6    00000028     ti_msp_dl_config.o (.text.DL_Common_updateReg)
                  000007ee    00000002     --HOLE-- [fill = 0]
                  000007f0    00000028     libc.a : boot_cortex_m.c.obj (.text:_c_int00_noargs)
                  00000818    00000024     dl_uart.o (.text.DL_UART_setClockConfig)
                  0000083c    0000001e     ti_msp_dl_config.o (.text.DL_ADC12_setPowerDownMode)
                  0000085a    0000001e     ti_msp_dl_config.o (.text.DL_UART_setOversampling)
                  00000878    0000001c     dc_1v2.o (.text.CreateDC1V2)
                  00000894    0000001c     ti_msp_dl_config.o (.text.DL_ADC12_clearInterruptStatus)
                  000008b0    0000001c     ti_msp_dl_config.o (.text.DL_ADC12_enableInterrupt)
                  000008cc    0000001c     adc_to_uart.o (.text.DL_ADC12_startConversion)
                  000008e8    0000001c     ti_msp_dl_config.o (.text.DL_GPIO_initPeripheralOutputFunction)
                  00000904    0000001c     ti_msp_dl_config.o (.text.DL_SYSCTL_setMCLKDivider)
                  00000920    0000001c     ti_msp_dl_config.o (.text.DL_SYSCTL_setSYSOSCFreq)
                  0000093c    0000001c     ti_msp_dl_config.o (.text.DL_SYSCTL_setULPCLKDivider)
                  00000958    0000001c     ti_msp_dl_config.o (.text.DL_UART_enableInterrupt)
                  00000974    0000001c     flag.o (.text.init_flag)
                  00000990    0000001a     converter.o (.text.disable_converter_by_pin)
                  000009aa    0000001a     converter.o (.text.enable_converter_by_pin)
                  000009c4    00000018     ti_msp_dl_config.o (.text.DL_ADC12_enablePower)
                  000009dc    00000018     ti_msp_dl_config.o (.text.DL_ADC12_reset)
                  000009f4    00000018     ti_msp_dl_config.o (.text.DL_ADC12_setSampleTime0)
                  00000a0c    00000018     ti_msp_dl_config.o (.text.DL_GPIO_enableOutput)
                  00000a24    00000018     ti_msp_dl_config.o (.text.DL_GPIO_enablePower)
                  00000a3c    00000018     ti_msp_dl_config.o (.text.DL_GPIO_initDigitalOutput)
                  00000a54    00000018     ti_msp_dl_config.o (.text.DL_GPIO_reset)
                  00000a6c    00000018     converter.o (.text.DL_GPIO_setPins)
                  00000a84    00000018     ti_msp_dl_config.o (.text.DL_GPIO_setPins)
                  00000a9c    00000018     ti_msp_dl_config.o (.text.DL_SYSCTL_setBORThreshold)
                  00000ab4    00000018     ti_msp_dl_config.o (.text.DL_UART_enablePower)
                  00000acc    00000018     dl_uart_custom.o (.text.DL_UART_isTXFIFOEmpty)
                  00000ae4    00000018     ti_msp_dl_config.o (.text.DL_UART_reset)
                  00000afc    00000018     ti_msp_dl_config.o (.text.SYSCFG_DL_init)
                  00000b14    00000016     adc_to_uart.o (.text.DL_ADC12_enableConversions)
                  00000b2a    00000016     ti_msp_dl_config.o (.text.DL_ADC12_enableConversions)
                  00000b40    00000016     dl_uart.o (.text.DL_UART_disable)
                  00000b56    00000016     ti_msp_dl_config.o (.text.DL_UART_enable)
                  00000b6c    00000016     converter.o (.text.analog_conv_disable_active_high)
                  00000b82    00000016     converter.o (.text.analog_conv_enable_active_high)
                  00000b98    00000016     adc_to_uart.o (.text.enable_dummy_rail)
                  00000bae    00000016     libc.a : copy_zero_init.c.obj (.text:decompress:ZI:__TI_zero_init_nomemset)
                  00000bc4    00000014     dl_common.o (.text.DL_Common_delayCycles)
                  00000bd8    00000014     adc_to_uart.o (.text.DL_GPIO_clearPins)
                  00000bec    00000014     converter.o (.text.DL_GPIO_clearPins)
                  00000c00    00000014     ti_msp_dl_config.o (.text.DL_GPIO_clearPins)
                  00000c14    00000014     ti_msp_dl_config.o (.text.DL_SYSCTL_disableSYSPLL)
                  00000c28    00000014     adc_to_uart.o (.text.InitUART0)
                  00000c3c    00000012     adc_to_uart.o (.text.DL_ADC12_getPendingInterrupt)
                  00000c4e    00000012     adc_to_uart.o (.text.DL_UART_getPendingInterrupt)
                  00000c60    00000012     libc.a : memcpy16.S.obj (.text:TI_memcpy_small)
                  00000c72    00000012            : copy_decompress_none.c.obj (.text:decompress:none)
                  00000c84    00000010     ti_msp_dl_config.o (.text.DL_SYSCTL_disableHFXT)
                  00000c94    00000010     adc_to_uart.o (.text.InitADC0)
                  00000ca4    00000010     adc_to_uart.o (.text.InitGPIOA)
                  00000cb4    00000010     adc_to_uart.o (.text.InitGPIOB)
                  00000cc4    0000000c     converter.o (.text.get_voltage_by_ADC)
                  00000cd0    00000008     libclang_rt.builtins.a : aeabi_memcpy.S.obj (.text.__aeabi_memcpy)
                  00000cd8    00000008     message_log.o (.text.init_log_message)
                  00000ce0    00000004     startup_mspm0g350x_ticlang.o (.text.Default_Handler)
                  00000ce4    00000004     startup_mspm0g350x_ticlang.o (.text.Reset_Handler)
                  00000ce8    00000004     libc.a : pre_init.c.obj (.text._system_pre_init)
                  00000cec    00000004            : exit.c.obj (.text:abort)

.cinit     0    00000d30    00000058     
                  00000d30    00000034     (.cinit..data.load) [load image, compression = lzss]
                  00000d64    0000000c     (__TI_handler_table)
                  00000d70    00000008     (.cinit..bss.load) [load image, compression = zero_init]
                  00000d78    00000010     (__TI_cinit_table)

.rodata    0    00000cf0    00000040     
                  00000cf0    00000018     dc_1v2.o (.rodata.dc_1v2_constraints)
                  00000d08    00000010     dc_1v2.o (.rodata.dc_1v2_ops)
                  00000d18    0000000a     ti_msp_dl_config.o (.rodata.gUART_0Config)
                  00000d22    00000002     ti_msp_dl_config.o (.rodata.gUART_0ClockConfig)
                  00000d24    00000008     ti_msp_dl_config.o (.rodata.gADC12_0ClockConfig)
                  00000d2c    00000004     dc_1v2.o (.rodata.dc_1v2_desc)

.init_array 
*          0    00000000    00000000     UNINITIALIZED

.binit     0    00000000    00000000     

.bss       0    20200000    0000006c     UNINITIALIZED
                  20200000    00000040     (.common:log_array)
                  20200040    00000018     (.common:huart0)
                  20200058    00000008     adc_to_uart.o (.bss.gCheck)
                  20200060    00000004     adc_to_uart.o (.bss.hadc0)
                  20200064    00000004     adc_to_uart.o (.bss.hgpioa)
                  20200068    00000004     adc_to_uart.o (.bss.hgpiob)

.data      0    2020006c    00000042     UNINITIALIZED
                  2020006c    00000014     message_log.o (.data.log_buffer)
                  20200080    00000010     dc_1v2.o (.data.dc_1v2)
                  20200090    0000000c     message_log.o (.data.msg)
                  2020009c    00000008     dc_1v2.o (.data.dc_1v2_monitor)
                  202000a4    00000008     message_log.o (.data.log_msg)
                  202000ac    00000002     message_log.o (.data.log)

.stack     0    20207e00    00000200     UNINITIALIZED
                  20207e00    00000004     libc.a : boot_cortex_m.c.obj (.stack)
                  20207e04    000001fc     --HOLE--

__llvm_prf_cnts 
*          0    20200000    00000000     UNINITIALIZED

__llvm_prf_bits 
*          0    20200000    00000000     UNINITIALIZED

MODULE SUMMARY

       Module                         code   ro data   rw data
       ------                         ----   -------   -------
    .\
       adc_to_uart.o                  668    0         44     
    +--+------------------------------+------+---------+---------+
       Total:                         668    0         44     
                                                              
    .\devices\msp\m0p\startup_system_files\ticlang\
       startup_mspm0g350x_ticlang.o   8      192       0      
    +--+------------------------------+------+---------+---------+
       Total:                         8      192       0      
                                                              
    .\driverlib\
       dl_uart.o                      174    0         0      
       dl_adc12.o                     116    0         0      
       dl_common.o                    20     0         0      
    +--+------------------------------+------+---------+---------+
       Total:                         310    0         0      
                                                              
    .\src\
       dl_uart_custom.o               192    0         0      
       message_log.o                  80     0         106    
       converter.o                    152    0         0      
       flag.o                         128    0         0      
       dc_1v2.o                       28     44        24     
    +--+------------------------------+------+---------+---------+
       Total:                         580    44        130    
                                                              
    .\syscfg\
       ti_msp_dl_config.o             1256   20        0      
    +--+------------------------------+------+---------+---------+
       Total:                         1256   20        0      
                                                              
    C:\ti\ccstheia140\ccs\tools\compiler\ti-cgt-armllvm_3.2.2.LTS\lib\armv6m-ti-none-eabi/c/libc.a
       copy_decompress_lzss.c.obj     120    0         0      
       autoinit.c.obj                 60     0         0      
       boot_cortex_m.c.obj            40     0         0      
       copy_zero_init.c.obj           22     0         0      
       copy_decompress_none.c.obj     18     0         0      
       memcpy16.S.obj                 18     0         0      
       exit.c.obj                     4      0         0      
       pre_init.c.obj                 4      0         0      
    +--+------------------------------+------+---------+---------+
       Total:                         286    0         0      
                                                              
    C:\ti\ccstheia140\ccs\tools\compiler\ti-cgt-armllvm_3.2.2.LTS\lib\clang/15.0.7/lib/armv6m-ti-none-eabi/libclang_rt.builtins.a
       aeabi_memcpy.S.obj             8      0         0      
    +--+------------------------------+------+---------+---------+
       Total:                         8      0         0      
                                                              
       Stack:                         0      0         512    
       Linker Generated:              0      88        0      
    +--+------------------------------+------+---------+---------+
       Grand Total:                   3116   344       686    


LINKER GENERATED COPY TABLES

__TI_cinit_table @ 00000d78 records: 2, size/record: 8, table size: 16
	.data: load addr=00000d30, load size=00000034 bytes, run addr=2020006c, run size=00000042 bytes, compression=lzss
	.bss: load addr=00000d70, load size=00000008 bytes, run addr=20200000, run size=0000006c bytes, compression=zero_init


LINKER GENERATED HANDLER TABLE

__TI_handler_table @ 00000d64 records: 3, size/record: 4, table size: 12
	index: 0, handler: __TI_decompress_lzss
	index: 1, handler: __TI_decompress_none
	index: 2, handler: __TI_zero_init


GLOBAL SYMBOLS: SORTED ALPHABETICALLY BY Name 

address   name                           
-------   ----                           
00000661  ADC0_IRQHandler                
00000ce1  ADC1_IRQHandler                
00000ce1  AES_IRQHandler                 
00000cec  C$$EXIT                        
00000ce1  CANFD0_IRQHandler              
00000879  CreateDC1V2                    
00000ce1  DAC0_IRQHandler                
000003f1  DL_ADC12_setClockConfig        
00000bc5  DL_Common_delayCycles          
0000043d  DL_UART_init                   
00000819  DL_UART_setClockConfig         
00000ce1  DMA_IRQHandler                 
00000ce1  Default_Handler                
00000ce1  GROUP0_IRQHandler              
00000ce1  GROUP1_IRQHandler              
0000019d  HAL_UART_Transmit              
00000ce1  HardFault_Handler              
00000ce1  I2C0_IRQHandler                
00000ce1  I2C1_IRQHandler                
00000ce1  NMI_Handler                    
00000ce1  PendSV_Handler                 
00000ce1  RTC_IRQHandler                 
00000ce5  Reset_Handler                  
00000ce1  SPI0_IRQHandler                
00000ce1  SPI1_IRQHandler                
00000ce1  SVC_Handler                    
00000245  SYSCFG_DL_ADC12_0_init         
000003a1  SYSCFG_DL_GPIO_init            
0000074d  SYSCFG_DL_SYSCTL_init          
00000521  SYSCFG_DL_UART_0_init          
00000afd  SYSCFG_DL_init                 
0000034d  SYSCFG_DL_initPower            
00000ce1  SysTick_Handler                
00000ce1  TIMA0_IRQHandler               
00000ce1  TIMA1_IRQHandler               
00000ce1  TIMG0_IRQHandler               
00000ce1  TIMG12_IRQHandler              
00000ce1  TIMG6_IRQHandler               
00000ce1  TIMG7_IRQHandler               
00000ce1  TIMG8_IRQHandler               
00000c61  TI_memcpy_small                
000006c1  UART0_IRQHandler               
00000ce1  UART1_IRQHandler               
00000ce1  UART2_IRQHandler               
00000ce1  UART3_IRQHandler               
20208000  __STACK_END                    
00000200  __STACK_SIZE                   
00000000  __TI_ATRegion0_region_sz       
00000000  __TI_ATRegion0_src_addr        
00000000  __TI_ATRegion0_trg_addr        
00000000  __TI_ATRegion1_region_sz       
00000000  __TI_ATRegion1_src_addr        
00000000  __TI_ATRegion1_trg_addr        
00000000  __TI_ATRegion2_region_sz       
00000000  __TI_ATRegion2_src_addr        
00000000  __TI_ATRegion2_trg_addr        
00000d78  __TI_CINIT_Base                
00000d88  __TI_CINIT_Limit               
00000d88  __TI_CINIT_Warm                
00000d64  __TI_Handler_Table_Base        
00000d70  __TI_Handler_Table_Limit       
000005f1  __TI_auto_init_nobinit_nopinit 
000002d5  __TI_decompress_lzss           
00000c73  __TI_decompress_none           
ffffffff  __TI_pprof_out_hndl            
ffffffff  __TI_prof_data_size            
ffffffff  __TI_prof_data_start           
00000000  __TI_static_base__             
00000baf  __TI_zero_init_nomemset        
00000cd1  __aeabi_memcpy                 
00000cd1  __aeabi_memcpy4                
00000cd1  __aeabi_memcpy8                
ffffffff  __binit__                      
UNDEFED   __mpu_init                     
20207e00  __stack                        
20200000  __start___llvm_prf_bits        
20200000  __start___llvm_prf_cnts        
20200000  __stop___llvm_prf_bits         
20200000  __stop___llvm_prf_cnts         
000007f1  _c_int00_noargs                
UNDEFED   _system_post_cinit             
00000ce9  _system_pre_init               
00000ced  abort                          
00000b6d  analog_conv_disable_active_high
00000b83  analog_conv_enable_active_high 
ffffffff  binit                          
00000991  disable_converter_by_pin       
000009ab  enable_converter_by_pin        
00000cc5  get_voltage_by_ADC             
20200040  huart0                         
00000975  init_flag                      
00000cd9  init_log_message               
00000000  interruptVectors               
20200000  log_array                      
000000c1  main                           
00000569  send_log_message               
0000062d  toggle_flag                    
000006f1  wait_ADC_conversion_done       


GLOBAL SYMBOLS: SORTED BY Symbol Address 

address   name                           
-------   ----                           
00000000  __TI_ATRegion0_region_sz       
00000000  __TI_ATRegion0_src_addr        
00000000  __TI_ATRegion0_trg_addr        
00000000  __TI_ATRegion1_region_sz       
00000000  __TI_ATRegion1_src_addr        
00000000  __TI_ATRegion1_trg_addr        
00000000  __TI_ATRegion2_region_sz       
00000000  __TI_ATRegion2_src_addr        
00000000  __TI_ATRegion2_trg_addr        
00000000  __TI_static_base__             
00000000  interruptVectors               
000000c1  main                           
0000019d  HAL_UART_Transmit              
00000200  __STACK_SIZE                   
00000245  SYSCFG_DL_ADC12_0_init         
000002d5  __TI_decompress_lzss           
0000034d  SYSCFG_DL_initPower            
000003a1  SYSCFG_DL_GPIO_init            
000003f1  DL_ADC12_setClockConfig        
0000043d  DL_UART_init                   
00000521  SYSCFG_DL_UART_0_init          
00000569  send_log_message               
000005f1  __TI_auto_init_nobinit_nopinit 
0000062d  toggle_flag                    
00000661  ADC0_IRQHandler                
000006c1  UART0_IRQHandler               
000006f1  wait_ADC_conversion_done       
0000074d  SYSCFG_DL_SYSCTL_init          
000007f1  _c_int00_noargs                
00000819  DL_UART_setClockConfig         
00000879  CreateDC1V2                    
00000975  init_flag                      
00000991  disable_converter_by_pin       
000009ab  enable_converter_by_pin        
00000afd  SYSCFG_DL_init                 
00000b6d  analog_conv_disable_active_high
00000b83  analog_conv_enable_active_high 
00000baf  __TI_zero_init_nomemset        
00000bc5  DL_Common_delayCycles          
00000c61  TI_memcpy_small                
00000c73  __TI_decompress_none           
00000cc5  get_voltage_by_ADC             
00000cd1  __aeabi_memcpy                 
00000cd1  __aeabi_memcpy4                
00000cd1  __aeabi_memcpy8                
00000cd9  init_log_message               
00000ce1  ADC1_IRQHandler                
00000ce1  AES_IRQHandler                 
00000ce1  CANFD0_IRQHandler              
00000ce1  DAC0_IRQHandler                
00000ce1  DMA_IRQHandler                 
00000ce1  Default_Handler                
00000ce1  GROUP0_IRQHandler              
00000ce1  GROUP1_IRQHandler              
00000ce1  HardFault_Handler              
00000ce1  I2C0_IRQHandler                
00000ce1  I2C1_IRQHandler                
00000ce1  NMI_Handler                    
00000ce1  PendSV_Handler                 
00000ce1  RTC_IRQHandler                 
00000ce1  SPI0_IRQHandler                
00000ce1  SPI1_IRQHandler                
00000ce1  SVC_Handler                    
00000ce1  SysTick_Handler                
00000ce1  TIMA0_IRQHandler               
00000ce1  TIMA1_IRQHandler               
00000ce1  TIMG0_IRQHandler               
00000ce1  TIMG12_IRQHandler              
00000ce1  TIMG6_IRQHandler               
00000ce1  TIMG7_IRQHandler               
00000ce1  TIMG8_IRQHandler               
00000ce1  UART1_IRQHandler               
00000ce1  UART2_IRQHandler               
00000ce1  UART3_IRQHandler               
00000ce5  Reset_Handler                  
00000ce9  _system_pre_init               
00000cec  C$$EXIT                        
00000ced  abort                          
00000d64  __TI_Handler_Table_Base        
00000d70  __TI_Handler_Table_Limit       
00000d78  __TI_CINIT_Base                
00000d88  __TI_CINIT_Limit               
00000d88  __TI_CINIT_Warm                
20200000  __start___llvm_prf_bits        
20200000  __start___llvm_prf_cnts        
20200000  __stop___llvm_prf_bits         
20200000  __stop___llvm_prf_cnts         
20200000  log_array                      
20200040  huart0                         
20207e00  __stack                        
20208000  __STACK_END                    
ffffffff  __TI_pprof_out_hndl            
ffffffff  __TI_prof_data_size            
ffffffff  __TI_prof_data_start           
ffffffff  __binit__                      
ffffffff  binit                          
UNDEFED   __mpu_init                     
UNDEFED   _system_post_cinit             

[98 symbols]
