******************************************************************************
            TI ARM Clang Linker PC v3.2.2                      
******************************************************************************
>> Linked Tue Jun 11 17:07:18 2024

OUTPUT FILE NAME:   <adc_to_uart_LP_MSPM0G3507_nortos_ticlang.out>
ENTRY POINT SYMBOL: "_c_int00_noargs"  address: 0000077d


MEMORY CONFIGURATION

         name            origin    length      used     unused   attr    fill
----------------------  --------  ---------  --------  --------  ----  --------
  FLASH                 00000000   00020000  00000d18  0001f2e8  R  X
  SRAM                  20200000   00008000  000002ae  00007d52  RW X
  BCR_CONFIG            41c00000   00000080  00000000  00000080  R   
  BSL_CONFIG            41c00100   00000080  00000000  00000080  R   


SEGMENT ALLOCATION MAP

run origin  load origin   length   init length attrs members
----------  ----------- ---------- ----------- ----- -------
00000000    00000000    00000d18   00000d18    r-x
  00000000    00000000    000000c0   000000c0    r-- .intvecs
  000000c0    000000c0    00000bc0   00000bc0    r-x .text
  00000c80    00000c80    00000040   00000040    r-- .rodata
  00000cc0    00000cc0    00000058   00000058    r-- .cinit
20200000    20200000    000000ae   00000000    rw-
  20200000    20200000    0000006c   00000000    rw- .bss
  2020006c    2020006c    00000042   00000000    rw- .data
20207e00    20207e00    00000200   00000000    rw-
  20207e00    20207e00    00000200   00000000    rw- .stack


SECTION ALLOCATION MAP

 output                                  attributes/
section   page    origin      length       input sections
--------  ----  ----------  ----------   ----------------
.intvecs   0    00000000    000000c0     
                  00000000    000000c0     startup_mspm0g350x_ticlang.o (.intvecs)

.text      0    000000c0    00000bc0     
                  000000c0    000000b0     adc_to_uart.o (.text.main)
                  00000170    000000a8     dl_uart_custom.o (.text.HAL_UART_Transmit)
                  00000218    00000090     ti_msp_dl_config.o (.text.SYSCFG_DL_ADC12_0_init)
                  000002a8    00000078     libc.a : copy_decompress_lzss.c.obj (.text:decompress:lzss)
                  00000320    00000054     ti_msp_dl_config.o (.text.SYSCFG_DL_initPower)
                  00000374    00000050     ti_msp_dl_config.o (.text.SYSCFG_DL_GPIO_init)
                  000003c4    0000004c     dl_adc12.o (.text.DL_ADC12_setClockConfig)
                  00000410    0000004c     dl_uart.o (.text.DL_UART_init)
                  0000045c    0000004c     ti_msp_dl_config.o (.text.DL_UART_setBaudRateDivisor)
                  000004a8    0000004a     ti_msp_dl_config.o (.text.DL_ADC12_configConversionMem)
                  000004f2    00000002     --HOLE-- [fill = 0]
                  000004f4    00000048     ti_msp_dl_config.o (.text.SYSCFG_DL_UART_0_init)
                  0000053c    00000040     adc_to_uart.o (.text.PlotDataSent)
                  0000057c    0000003c     libc.a : autoinit.c.obj (.text:__TI_auto_init_nobinit_nopinit)
                  000005b8    00000034     flag.o (.text.ToggleFlag)
                  000005ec    00000030     adc_to_uart.o (.text.ADC0_IRQHandler)
                  0000061c    00000030     adc_to_uart.o (.text.DL_ADC12_getMemResult)
                  0000064c    00000030     adc_to_uart.o (.text.UART0_IRQHandler)
                  0000067c    00000030     flag.o (.text.WaitADCConversionDone)
                  000006ac    0000002c     adc_to_uart.o (.text.__NVIC_EnableIRQ)
                  000006d8    0000002a     ti_msp_dl_config.o (.text.SYSCFG_DL_SYSCTL_init)
                  00000702    00000028     dl_adc12.o (.text.DL_Common_updateReg)
                  0000072a    00000028     dl_uart.o (.text.DL_Common_updateReg)
                  00000752    00000028     ti_msp_dl_config.o (.text.DL_Common_updateReg)
                  0000077a    00000002     --HOLE-- [fill = 0]
                  0000077c    00000028     libc.a : boot_cortex_m.c.obj (.text:_c_int00_noargs)
                  000007a4    00000024     dl_uart.o (.text.DL_UART_setClockConfig)
                  000007c8    0000001e     ti_msp_dl_config.o (.text.DL_ADC12_setPowerDownMode)
                  000007e6    0000001e     ti_msp_dl_config.o (.text.DL_UART_setOversampling)
                  00000804    0000001c     dc_1v2.o (.text.CreateDC1V2)
                  00000820    0000001c     ti_msp_dl_config.o (.text.DL_ADC12_clearInterruptStatus)
                  0000083c    0000001c     ti_msp_dl_config.o (.text.DL_ADC12_enableInterrupt)
                  00000858    0000001c     adc_to_uart.o (.text.DL_ADC12_startConversion)
                  00000874    0000001c     ti_msp_dl_config.o (.text.DL_GPIO_initPeripheralOutputFunction)
                  00000890    0000001c     ti_msp_dl_config.o (.text.DL_SYSCTL_setMCLKDivider)
                  000008ac    0000001c     ti_msp_dl_config.o (.text.DL_SYSCTL_setSYSOSCFreq)
                  000008c8    0000001c     ti_msp_dl_config.o (.text.DL_SYSCTL_setULPCLKDivider)
                  000008e4    0000001c     ti_msp_dl_config.o (.text.DL_UART_enableInterrupt)
                  00000900    0000001c     flag.o (.text.InitFlag)
                  0000091c    0000001a     converter.o (.text.disable_converter_by_pin)
                  00000936    0000001a     converter.o (.text.enable_converter_by_pin)
                  00000950    00000018     ti_msp_dl_config.o (.text.DL_ADC12_enablePower)
                  00000968    00000018     ti_msp_dl_config.o (.text.DL_ADC12_reset)
                  00000980    00000018     ti_msp_dl_config.o (.text.DL_ADC12_setSampleTime0)
                  00000998    00000018     ti_msp_dl_config.o (.text.DL_GPIO_enableOutput)
                  000009b0    00000018     ti_msp_dl_config.o (.text.DL_GPIO_enablePower)
                  000009c8    00000018     ti_msp_dl_config.o (.text.DL_GPIO_initDigitalOutput)
                  000009e0    00000018     ti_msp_dl_config.o (.text.DL_GPIO_reset)
                  000009f8    00000018     converter.o (.text.DL_GPIO_setPins)
                  00000a10    00000018     ti_msp_dl_config.o (.text.DL_GPIO_setPins)
                  00000a28    00000018     ti_msp_dl_config.o (.text.DL_SYSCTL_setBORThreshold)
                  00000a40    00000018     ti_msp_dl_config.o (.text.DL_UART_enablePower)
                  00000a58    00000018     dl_uart_custom.o (.text.DL_UART_isTXFIFOEmpty)
                  00000a70    00000018     ti_msp_dl_config.o (.text.DL_UART_reset)
                  00000a88    00000018     ti_msp_dl_config.o (.text.SYSCFG_DL_init)
                  00000aa0    00000016     adc_to_uart.o (.text.DL_ADC12_enableConversions)
                  00000ab6    00000016     ti_msp_dl_config.o (.text.DL_ADC12_enableConversions)
                  00000acc    00000016     dl_uart.o (.text.DL_UART_disable)
                  00000ae2    00000016     ti_msp_dl_config.o (.text.DL_UART_enable)
                  00000af8    00000016     converter.o (.text.analog_conv_disable_active_high)
                  00000b0e    00000016     converter.o (.text.analog_conv_enable_active_high)
                  00000b24    00000016     adc_to_uart.o (.text.enable_dummy_rail)
                  00000b3a    00000016     libc.a : copy_zero_init.c.obj (.text:decompress:ZI:__TI_zero_init_nomemset)
                  00000b50    00000014     dl_common.o (.text.DL_Common_delayCycles)
                  00000b64    00000014     adc_to_uart.o (.text.DL_GPIO_clearPins)
                  00000b78    00000014     converter.o (.text.DL_GPIO_clearPins)
                  00000b8c    00000014     ti_msp_dl_config.o (.text.DL_GPIO_clearPins)
                  00000ba0    00000014     ti_msp_dl_config.o (.text.DL_SYSCTL_disableSYSPLL)
                  00000bb4    00000014     adc_to_uart.o (.text.InitUART0)
                  00000bc8    00000012     adc_to_uart.o (.text.DL_ADC12_getPendingInterrupt)
                  00000bda    00000012     adc_to_uart.o (.text.DL_UART_getPendingInterrupt)
                  00000bec    00000012     libc.a : memcpy16.S.obj (.text:TI_memcpy_small)
                  00000bfe    00000012            : copy_decompress_none.c.obj (.text:decompress:none)
                  00000c10    00000010     ti_msp_dl_config.o (.text.DL_SYSCTL_disableHFXT)
                  00000c20    00000010     adc_to_uart.o (.text.InitADC0)
                  00000c30    00000010     adc_to_uart.o (.text.InitGPIOA)
                  00000c40    00000010     adc_to_uart.o (.text.InitGPIOB)
                  00000c50    0000000c     converter.o (.text.get_voltage_by_ADC)
                  00000c5c    00000008     message_log.o (.text.InitLogMessage)
                  00000c64    00000008     libclang_rt.builtins.a : aeabi_memcpy.S.obj (.text.__aeabi_memcpy)
                  00000c6c    00000004     startup_mspm0g350x_ticlang.o (.text.Default_Handler)
                  00000c70    00000004     startup_mspm0g350x_ticlang.o (.text.Reset_Handler)
                  00000c74    00000004     libc.a : pre_init.c.obj (.text._system_pre_init)
                  00000c78    00000004            : exit.c.obj (.text:abort)
                  00000c7c    00000004     --HOLE-- [fill = 0]

.cinit     0    00000cc0    00000058     
                  00000cc0    00000033     (.cinit..data.load) [load image, compression = lzss]
                  00000cf3    00000001     --HOLE-- [fill = 0]
                  00000cf4    0000000c     (__TI_handler_table)
                  00000d00    00000008     (.cinit..bss.load) [load image, compression = zero_init]
                  00000d08    00000010     (__TI_cinit_table)

.rodata    0    00000c80    00000040     
                  00000c80    00000018     dc_1v2.o (.rodata.dc_1v2_constraints)
                  00000c98    00000010     dc_1v2.o (.rodata.dc_1v2_ops)
                  00000ca8    0000000a     ti_msp_dl_config.o (.rodata.gUART_0Config)
                  00000cb2    00000002     ti_msp_dl_config.o (.rodata.gUART_0ClockConfig)
                  00000cb4    00000008     ti_msp_dl_config.o (.rodata.gADC12_0ClockConfig)
                  00000cbc    00000004     dc_1v2.o (.rodata.dc_1v2_desc)

.init_array 
*          0    00000000    00000000     UNINITIALIZED

.binit     0    00000000    00000000     

.bss       0    20200000    0000006c     UNINITIALIZED
                  20200000    00000040     (.common:log_array)
                  20200040    00000018     (.common:huart0)
                  20200058    00000008     adc_to_uart.o (.bss.gCheck)
                  20200060    00000004     adc_to_uart.o (.bss.hadc0)
                  20200064    00000004     adc_to_uart.o (.bss.hgpioa)
                  20200068    00000004     adc_to_uart.o (.bss.hgpiob)

.data      0    2020006c    00000042     UNINITIALIZED
                  2020006c    00000014     message_log.o (.data.log_buffer)
                  20200080    00000010     dc_1v2.o (.data.dc_1v2)
                  20200090    0000000c     message_log.o (.data.msg)
                  2020009c    00000008     dc_1v2.o (.data.dc_1v2_monitor)
                  202000a4    00000008     message_log.o (.data.log_msg)
                  202000ac    00000002     message_log.o (.data.log)

.stack     0    20207e00    00000200     UNINITIALIZED
                  20207e00    00000004     libc.a : boot_cortex_m.c.obj (.stack)
                  20207e04    000001fc     --HOLE--

__llvm_prf_cnts 
*          0    20200000    00000000     UNINITIALIZED

__llvm_prf_bits 
*          0    20200000    00000000     UNINITIALIZED

MODULE SUMMARY

       Module                         code   ro data   rw data
       ------                         ----   -------   -------
    .\
       adc_to_uart.o                  624    0         44     
    +--+------------------------------+------+---------+---------+
       Total:                         624    0         44     
                                                              
    .\devices\msp\m0p\startup_system_files\ticlang\
       startup_mspm0g350x_ticlang.o   8      192       0      
    +--+------------------------------+------+---------+---------+
       Total:                         8      192       0      
                                                              
    .\driverlib\
       dl_uart.o                      174    0         0      
       dl_adc12.o                     116    0         0      
       dl_common.o                    20     0         0      
    +--+------------------------------+------+---------+---------+
       Total:                         310    0         0      
                                                              
    .\src\
       dl_uart_custom.o               192    0         0      
       converter.o                    152    0         0      
       flag.o                         128    0         0      
       message_log.o                  8      0         106    
       dc_1v2.o                       28     44        24     
    +--+------------------------------+------+---------+---------+
       Total:                         508    44        130    
                                                              
    .\syscfg\
       ti_msp_dl_config.o             1256   20        0      
    +--+------------------------------+------+---------+---------+
       Total:                         1256   20        0      
                                                              
    C:\ti\ccstheia140\ccs\tools\compiler\ti-cgt-armllvm_3.2.2.LTS\lib\armv6m-ti-none-eabi/c/libc.a
       copy_decompress_lzss.c.obj     120    0         0      
       autoinit.c.obj                 60     0         0      
       boot_cortex_m.c.obj            40     0         0      
       copy_zero_init.c.obj           22     0         0      
       copy_decompress_none.c.obj     18     0         0      
       memcpy16.S.obj                 18     0         0      
       exit.c.obj                     4      0         0      
       pre_init.c.obj                 4      0         0      
    +--+------------------------------+------+---------+---------+
       Total:                         286    0         0      
                                                              
    C:\ti\ccstheia140\ccs\tools\compiler\ti-cgt-armllvm_3.2.2.LTS\lib\clang/15.0.7/lib/armv6m-ti-none-eabi/libclang_rt.builtins.a
       aeabi_memcpy.S.obj             8      0         0      
    +--+------------------------------+------+---------+---------+
       Total:                         8      0         0      
                                                              
       Stack:                         0      0         512    
       Linker Generated:              0      87        0      
    +--+------------------------------+------+---------+---------+
       Grand Total:                   3000   343       686    


LINKER GENERATED COPY TABLES

__TI_cinit_table @ 00000d08 records: 2, size/record: 8, table size: 16
	.data: load addr=00000cc0, load size=00000033 bytes, run addr=2020006c, run size=00000042 bytes, compression=lzss
	.bss: load addr=00000d00, load size=00000008 bytes, run addr=20200000, run size=0000006c bytes, compression=zero_init


LINKER GENERATED HANDLER TABLE

__TI_handler_table @ 00000cf4 records: 3, size/record: 4, table size: 12
	index: 0, handler: __TI_decompress_lzss
	index: 1, handler: __TI_decompress_none
	index: 2, handler: __TI_zero_init


GLOBAL SYMBOLS: SORTED ALPHABETICALLY BY Name 

address   name                           
-------   ----                           
000005ed  ADC0_IRQHandler                
00000c6d  ADC1_IRQHandler                
00000c6d  AES_IRQHandler                 
00000c78  C$$EXIT                        
00000c6d  CANFD0_IRQHandler              
00000805  CreateDC1V2                    
00000c6d  DAC0_IRQHandler                
000003c5  DL_ADC12_setClockConfig        
00000b51  DL_Common_delayCycles          
00000411  DL_UART_init                   
000007a5  DL_UART_setClockConfig         
00000c6d  DMA_IRQHandler                 
00000c6d  Default_Handler                
00000c6d  GROUP0_IRQHandler              
00000c6d  GROUP1_IRQHandler              
00000171  HAL_UART_Transmit              
00000c6d  HardFault_Handler              
00000c6d  I2C0_IRQHandler                
00000c6d  I2C1_IRQHandler                
00000901  InitFlag                       
00000c5d  InitLogMessage                 
00000c6d  NMI_Handler                    
00000c6d  PendSV_Handler                 
00000c6d  RTC_IRQHandler                 
00000c71  Reset_Handler                  
00000c6d  SPI0_IRQHandler                
00000c6d  SPI1_IRQHandler                
00000c6d  SVC_Handler                    
00000219  SYSCFG_DL_ADC12_0_init         
00000375  SYSCFG_DL_GPIO_init            
000006d9  SYSCFG_DL_SYSCTL_init          
000004f5  SYSCFG_DL_UART_0_init          
00000a89  SYSCFG_DL_init                 
00000321  SYSCFG_DL_initPower            
00000c6d  SysTick_Handler                
00000c6d  TIMA0_IRQHandler               
00000c6d  TIMA1_IRQHandler               
00000c6d  TIMG0_IRQHandler               
00000c6d  TIMG12_IRQHandler              
00000c6d  TIMG6_IRQHandler               
00000c6d  TIMG7_IRQHandler               
00000c6d  TIMG8_IRQHandler               
00000bed  TI_memcpy_small                
000005b9  ToggleFlag                     
0000064d  UART0_IRQHandler               
00000c6d  UART1_IRQHandler               
00000c6d  UART2_IRQHandler               
00000c6d  UART3_IRQHandler               
0000067d  WaitADCConversionDone          
20208000  __STACK_END                    
00000200  __STACK_SIZE                   
00000000  __TI_ATRegion0_region_sz       
00000000  __TI_ATRegion0_src_addr        
00000000  __TI_ATRegion0_trg_addr        
00000000  __TI_ATRegion1_region_sz       
00000000  __TI_ATRegion1_src_addr        
00000000  __TI_ATRegion1_trg_addr        
00000000  __TI_ATRegion2_region_sz       
00000000  __TI_ATRegion2_src_addr        
00000000  __TI_ATRegion2_trg_addr        
00000d08  __TI_CINIT_Base                
00000d18  __TI_CINIT_Limit               
00000d18  __TI_CINIT_Warm                
00000cf4  __TI_Handler_Table_Base        
00000d00  __TI_Handler_Table_Limit       
0000057d  __TI_auto_init_nobinit_nopinit 
000002a9  __TI_decompress_lzss           
00000bff  __TI_decompress_none           
ffffffff  __TI_pprof_out_hndl            
ffffffff  __TI_prof_data_size            
ffffffff  __TI_prof_data_start           
00000000  __TI_static_base__             
00000b3b  __TI_zero_init_nomemset        
00000c65  __aeabi_memcpy                 
00000c65  __aeabi_memcpy4                
00000c65  __aeabi_memcpy8                
ffffffff  __binit__                      
UNDEFED   __mpu_init                     
20207e00  __stack                        
20200000  __start___llvm_prf_bits        
20200000  __start___llvm_prf_cnts        
20200000  __stop___llvm_prf_bits         
20200000  __stop___llvm_prf_cnts         
0000077d  _c_int00_noargs                
UNDEFED   _system_post_cinit             
00000c75  _system_pre_init               
00000c79  abort                          
00000af9  analog_conv_disable_active_high
00000b0f  analog_conv_enable_active_high 
ffffffff  binit                          
0000091d  disable_converter_by_pin       
00000937  enable_converter_by_pin        
00000c51  get_voltage_by_ADC             
20200040  huart0                         
00000000  interruptVectors               
20200000  log_array                      
000000c1  main                           


GLOBAL SYMBOLS: SORTED BY Symbol Address 

address   name                           
-------   ----                           
00000000  __TI_ATRegion0_region_sz       
00000000  __TI_ATRegion0_src_addr        
00000000  __TI_ATRegion0_trg_addr        
00000000  __TI_ATRegion1_region_sz       
00000000  __TI_ATRegion1_src_addr        
00000000  __TI_ATRegion1_trg_addr        
00000000  __TI_ATRegion2_region_sz       
00000000  __TI_ATRegion2_src_addr        
00000000  __TI_ATRegion2_trg_addr        
00000000  __TI_static_base__             
00000000  interruptVectors               
000000c1  main                           
00000171  HAL_UART_Transmit              
00000200  __STACK_SIZE                   
00000219  SYSCFG_DL_ADC12_0_init         
000002a9  __TI_decompress_lzss           
00000321  SYSCFG_DL_initPower            
00000375  SYSCFG_DL_GPIO_init            
000003c5  DL_ADC12_setClockConfig        
00000411  DL_UART_init                   
000004f5  SYSCFG_DL_UART_0_init          
0000057d  __TI_auto_init_nobinit_nopinit 
000005b9  ToggleFlag                     
000005ed  ADC0_IRQHandler                
0000064d  UART0_IRQHandler               
0000067d  WaitADCConversionDone          
000006d9  SYSCFG_DL_SYSCTL_init          
0000077d  _c_int00_noargs                
000007a5  DL_UART_setClockConfig         
00000805  CreateDC1V2                    
00000901  InitFlag                       
0000091d  disable_converter_by_pin       
00000937  enable_converter_by_pin        
00000a89  SYSCFG_DL_init                 
00000af9  analog_conv_disable_active_high
00000b0f  analog_conv_enable_active_high 
00000b3b  __TI_zero_init_nomemset        
00000b51  DL_Common_delayCycles          
00000bed  TI_memcpy_small                
00000bff  __TI_decompress_none           
00000c51  get_voltage_by_ADC             
00000c5d  InitLogMessage                 
00000c65  __aeabi_memcpy                 
00000c65  __aeabi_memcpy4                
00000c65  __aeabi_memcpy8                
00000c6d  ADC1_IRQHandler                
00000c6d  AES_IRQHandler                 
00000c6d  CANFD0_IRQHandler              
00000c6d  DAC0_IRQHandler                
00000c6d  DMA_IRQHandler                 
00000c6d  Default_Handler                
00000c6d  GROUP0_IRQHandler              
00000c6d  GROUP1_IRQHandler              
00000c6d  HardFault_Handler              
00000c6d  I2C0_IRQHandler                
00000c6d  I2C1_IRQHandler                
00000c6d  NMI_Handler                    
00000c6d  PendSV_Handler                 
00000c6d  RTC_IRQHandler                 
00000c6d  SPI0_IRQHandler                
00000c6d  SPI1_IRQHandler                
00000c6d  SVC_Handler                    
00000c6d  SysTick_Handler                
00000c6d  TIMA0_IRQHandler               
00000c6d  TIMA1_IRQHandler               
00000c6d  TIMG0_IRQHandler               
00000c6d  TIMG12_IRQHandler              
00000c6d  TIMG6_IRQHandler               
00000c6d  TIMG7_IRQHandler               
00000c6d  TIMG8_IRQHandler               
00000c6d  UART1_IRQHandler               
00000c6d  UART2_IRQHandler               
00000c6d  UART3_IRQHandler               
00000c71  Reset_Handler                  
00000c75  _system_pre_init               
00000c78  C$$EXIT                        
00000c79  abort                          
00000cf4  __TI_Handler_Table_Base        
00000d00  __TI_Handler_Table_Limit       
00000d08  __TI_CINIT_Base                
00000d18  __TI_CINIT_Limit               
00000d18  __TI_CINIT_Warm                
20200000  __start___llvm_prf_bits        
20200000  __start___llvm_prf_cnts        
20200000  __stop___llvm_prf_bits         
20200000  __stop___llvm_prf_cnts         
20200000  log_array                      
20200040  huart0                         
20207e00  __stack                        
20208000  __STACK_END                    
ffffffff  __TI_pprof_out_hndl            
ffffffff  __TI_prof_data_size            
ffffffff  __TI_prof_data_start           
ffffffff  __binit__                      
ffffffff  binit                          
UNDEFED   __mpu_init                     
UNDEFED   _system_post_cinit             

[97 symbols]
