******************************************************************************
            TI ARM Clang Linker PC v3.2.2                      
******************************************************************************
>> Linked Mon Jun 24 12:54:17 2024

OUTPUT FILE NAME:   <adc_to_uart_LP_MSPM0G3507_nortos_ticlang.out>
ENTRY POINT SYMBOL: "_c_int00_noargs"  address: 000008d9


MEMORY CONFIGURATION

         name            origin    length      used     unused   attr    fill
----------------------  --------  ---------  --------  --------  ----  --------
  FLASH                 00000000   00020000  00000ee0  0001f120  R  X
  SRAM                  20200000   00008000  000004ea  00007b16  RW X
  BCR_CONFIG            41c00000   00000080  00000000  00000080  R   
  BSL_CONFIG            41c00100   00000080  00000000  00000080  R   


SEGMENT ALLOCATION MAP

run origin  load origin   length   init length attrs members
----------  ----------- ---------- ----------- ----- -------
00000000    00000000    00000ee0   00000ee0    r-x
  00000000    00000000    000000c0   000000c0    r-- .intvecs
  000000c0    000000c0    00000d58   00000d58    r-x .text
  00000e18    00000e18    00000040   00000040    r-- .rodata
  00000e58    00000e58    00000088   00000088    r-- .cinit
20200000    20200000    000002ea   00000000    rw-
  20200000    20200000    00000270   00000000    rw- .bss
  20200270    20200270    0000007a   00000000    rw- .data
20207e00    20207e00    00000200   00000000    rw-
  20207e00    20207e00    00000200   00000000    rw- .stack


SECTION ALLOCATION MAP

 output                                  attributes/
section   page    origin      length       input sections
--------  ----  ----------  ----------   ----------------
.intvecs   0    00000000    000000c0     
                  00000000    000000c0     startup_mspm0g350x_ticlang.o (.intvecs)

.text      0    000000c0    00000d58     
                  000000c0    000000fa     msg_pool.o (.text.msg_pkg_enpool)
                  000001ba    00000002     --HOLE-- [fill = 0]
                  000001bc    000000d0     adc_to_uart.o (.text.main)
                  0000028c    000000a8     dl_uart_custom.o (.text.HAL_UART_Transmit)
                  00000334    00000090     ti_msp_dl_config.o (.text.SYSCFG_DL_ADC12_0_init)
                  000003c4    00000078     libc.a : copy_decompress_lzss.c.obj (.text:decompress:lzss)
                  0000043c    00000054     ti_msp_dl_config.o (.text.SYSCFG_DL_initPower)
                  00000490    00000050     ti_msp_dl_config.o (.text.SYSCFG_DL_GPIO_init)
                  000004e0    0000004c     dl_adc12.o (.text.DL_ADC12_setClockConfig)
                  0000052c    0000004c     dl_uart.o (.text.DL_UART_init)
                  00000578    0000004c     ti_msp_dl_config.o (.text.DL_UART_setBaudRateDivisor)
                  000005c4    0000004a     ti_msp_dl_config.o (.text.DL_ADC12_configConversionMem)
                  0000060e    00000002     --HOLE-- [fill = 0]
                  00000610    00000048     ti_msp_dl_config.o (.text.SYSCFG_DL_UART_0_init)
                  00000658    00000040     adc_to_uart.o (.text.send_plot_data)
                  00000698    0000003e     msg_pool.o (.text.msg_pkg_depool)
                  000006d6    00000002     --HOLE-- [fill = 0]
                  000006d8    0000003c     libc.a : autoinit.c.obj (.text:__TI_auto_init_nobinit_nopinit)
                  00000714    00000034     flag.o (.text.toggle_flag)
                  00000748    00000030     adc_to_uart.o (.text.ADC0_IRQHandler)
                  00000778    00000030     adc_to_uart.o (.text.DL_ADC12_getMemResult)
                  000007a8    00000030     adc_to_uart.o (.text.UART0_IRQHandler)
                  000007d8    00000030     flag.o (.text.wait_ADC_conversion_done)
                  00000808    0000002c     adc_to_uart.o (.text.__NVIC_EnableIRQ)
                  00000834    0000002a     ti_msp_dl_config.o (.text.SYSCFG_DL_SYSCTL_init)
                  0000085e    00000028     dl_adc12.o (.text.DL_Common_updateReg)
                  00000886    00000028     dl_uart.o (.text.DL_Common_updateReg)
                  000008ae    00000028     ti_msp_dl_config.o (.text.DL_Common_updateReg)
                  000008d6    00000002     --HOLE-- [fill = 0]
                  000008d8    00000028     libc.a : boot_cortex_m.c.obj (.text:_c_int00_noargs)
                  00000900    00000024     dl_uart.o (.text.DL_UART_setClockConfig)
                  00000924    00000020     msg_pool.o (.text.msg_pkg_created)
                  00000944    0000001e     ti_msp_dl_config.o (.text.DL_ADC12_setPowerDownMode)
                  00000962    0000001e     ti_msp_dl_config.o (.text.DL_UART_setOversampling)
                  00000980    0000001c     dc_1v2.o (.text.CreateDC1V2)
                  0000099c    0000001c     ti_msp_dl_config.o (.text.DL_ADC12_clearInterruptStatus)
                  000009b8    0000001c     ti_msp_dl_config.o (.text.DL_ADC12_enableInterrupt)
                  000009d4    0000001c     adc_to_uart.o (.text.DL_ADC12_startConversion)
                  000009f0    0000001c     ti_msp_dl_config.o (.text.DL_GPIO_initPeripheralOutputFunction)
                  00000a0c    0000001c     ti_msp_dl_config.o (.text.DL_SYSCTL_setMCLKDivider)
                  00000a28    0000001c     ti_msp_dl_config.o (.text.DL_SYSCTL_setSYSOSCFreq)
                  00000a44    0000001c     ti_msp_dl_config.o (.text.DL_SYSCTL_setULPCLKDivider)
                  00000a60    0000001c     ti_msp_dl_config.o (.text.DL_UART_enableInterrupt)
                  00000a7c    0000001c     flag.o (.text.init_flag)
                  00000a98    0000001a     converter.o (.text.disable_converter_by_pin)
                  00000ab2    0000001a     converter.o (.text.enable_converter_by_pin)
                  00000acc    00000018     ti_msp_dl_config.o (.text.DL_ADC12_enablePower)
                  00000ae4    00000018     ti_msp_dl_config.o (.text.DL_ADC12_reset)
                  00000afc    00000018     ti_msp_dl_config.o (.text.DL_ADC12_setSampleTime0)
                  00000b14    00000018     ti_msp_dl_config.o (.text.DL_GPIO_enableOutput)
                  00000b2c    00000018     ti_msp_dl_config.o (.text.DL_GPIO_enablePower)
                  00000b44    00000018     ti_msp_dl_config.o (.text.DL_GPIO_initDigitalOutput)
                  00000b5c    00000018     ti_msp_dl_config.o (.text.DL_GPIO_reset)
                  00000b74    00000018     converter.o (.text.DL_GPIO_setPins)
                  00000b8c    00000018     ti_msp_dl_config.o (.text.DL_GPIO_setPins)
                  00000ba4    00000018     ti_msp_dl_config.o (.text.DL_SYSCTL_setBORThreshold)
                  00000bbc    00000018     ti_msp_dl_config.o (.text.DL_UART_enablePower)
                  00000bd4    00000018     dl_uart_custom.o (.text.DL_UART_isTXFIFOEmpty)
                  00000bec    00000018     ti_msp_dl_config.o (.text.DL_UART_reset)
                  00000c04    00000018     ti_msp_dl_config.o (.text.SYSCFG_DL_init)
                  00000c1c    00000016     adc_to_uart.o (.text.DL_ADC12_enableConversions)
                  00000c32    00000016     ti_msp_dl_config.o (.text.DL_ADC12_enableConversions)
                  00000c48    00000016     dl_uart.o (.text.DL_UART_disable)
                  00000c5e    00000016     ti_msp_dl_config.o (.text.DL_UART_enable)
                  00000c74    00000016     converter.o (.text.analog_conv_disable_active_high)
                  00000c8a    00000016     converter.o (.text.analog_conv_enable_active_high)
                  00000ca0    00000016     adc_to_uart.o (.text.enable_dummy_rail)
                  00000cb6    00000016     libc.a : copy_zero_init.c.obj (.text:decompress:ZI:__TI_zero_init_nomemset)
                  00000ccc    00000014     dl_common.o (.text.DL_Common_delayCycles)
                  00000ce0    00000014     adc_to_uart.o (.text.DL_GPIO_clearPins)
                  00000cf4    00000014     converter.o (.text.DL_GPIO_clearPins)
                  00000d08    00000014     ti_msp_dl_config.o (.text.DL_GPIO_clearPins)
                  00000d1c    00000014     ti_msp_dl_config.o (.text.DL_SYSCTL_disableSYSPLL)
                  00000d30    00000014     adc_to_uart.o (.text.init_UART0)
                  00000d44    00000014     message_log.o (.text.init_log_message)
                  00000d58    00000014     msg_pool.o (.text.init_msg_pool_tx)
                  00000d6c    00000012     adc_to_uart.o (.text.DL_ADC12_getPendingInterrupt)
                  00000d7e    00000012     adc_to_uart.o (.text.DL_UART_getPendingInterrupt)
                  00000d90    00000012     libc.a : memcpy16.S.obj (.text:TI_memcpy_small)
                  00000da2    00000012            : copy_decompress_none.c.obj (.text:decompress:none)
                  00000db4    00000010     ti_msp_dl_config.o (.text.DL_SYSCTL_disableHFXT)
                  00000dc4    00000010     adc_to_uart.o (.text.init_ADC0)
                  00000dd4    00000010     adc_to_uart.o (.text.init_GPIOA)
                  00000de4    00000010     adc_to_uart.o (.text.init_GPIOB)
                  00000df4    0000000c     converter.o (.text.get_voltage_by_ADC)
                  00000e00    00000008     libclang_rt.builtins.a : aeabi_memcpy.S.obj (.text.__aeabi_memcpy)
                  00000e08    00000004     startup_mspm0g350x_ticlang.o (.text.Default_Handler)
                  00000e0c    00000004     startup_mspm0g350x_ticlang.o (.text.Reset_Handler)
                  00000e10    00000004     libc.a : pre_init.c.obj (.text._system_pre_init)
                  00000e14    00000004            : exit.c.obj (.text:abort)

.cinit     0    00000e58    00000088     
                  00000e58    0000005d     (.cinit..data.load) [load image, compression = lzss]
                  00000eb5    00000003     --HOLE-- [fill = 0]
                  00000eb8    0000000c     (__TI_handler_table)
                  00000ec4    00000008     (.cinit..bss.load) [load image, compression = zero_init]
                  00000ecc    00000010     (__TI_cinit_table)
                  00000edc    00000004     --HOLE-- [fill = 0]

.rodata    0    00000e18    00000040     
                  00000e18    00000018     dc_1v2.o (.rodata.dc_1v2_constraints)
                  00000e30    00000010     dc_1v2.o (.rodata.dc_1v2_ops)
                  00000e40    0000000a     ti_msp_dl_config.o (.rodata.gUART_0Config)
                  00000e4a    00000002     ti_msp_dl_config.o (.rodata.gUART_0ClockConfig)
                  00000e4c    00000008     ti_msp_dl_config.o (.rodata.gADC12_0ClockConfig)
                  00000e54    00000004     dc_1v2.o (.rodata.dc_1v2_desc)

.init_array 
*          0    00000000    00000000     UNINITIALIZED

.binit     0    00000000    00000000     

.bss       0    20200000    00000270     UNINITIALIZED
                  20200000    00000200     (.common:msg_pool_tx_array)
                  20200200    00000040     (.common:log_array)
                  20200240    00000018     (.common:huart0)
                  20200258    00000008     adc_to_uart.o (.bss.gCheck)
                  20200260    00000008     adc_to_uart.o (.bss.hadc0)
                  20200268    00000004     adc_to_uart.o (.bss.hgpioa)
                  2020026c    00000004     adc_to_uart.o (.bss.hgpiob)

.data      0    20200270    0000007a     UNINITIALIZED
                  20200270    00000018     msg_pool.o (.data.msg_pool_tx)
                  20200288    00000014     message_log.o (.data.log_buffer)
                  2020029c    00000010     dc_1v2.o (.data.dc_1v2)
                  202002ac    0000000c     message_log.o (.data.msg)
                  202002b8    0000000c     msg_pool.o (.data.msg_info)
                  202002c4    0000000c     msg_pool.o (.data.msg_pkg_base)
                  202002d0    00000008     dc_1v2.o (.data.dc_1v2_monitor)
                  202002d8    00000008     message_log.o (.data.log_msg)
                  202002e0    00000008     msg_pool.o (.data.read_power_system_status_req)
                  202002e8    00000002     message_log.o (.data.log)

.stack     0    20207e00    00000200     UNINITIALIZED
                  20207e00    00000004     libc.a : boot_cortex_m.c.obj (.stack)
                  20207e04    000001fc     --HOLE--

__llvm_prf_cnts 
*          0    20200000    00000000     UNINITIALIZED

__llvm_prf_bits 
*          0    20200000    00000000     UNINITIALIZED

MODULE SUMMARY

       Module                         code   ro data   rw data
       ------                         ----   -------   -------
    .\
       adc_to_uart.o                  656    0         48     
    +--+------------------------------+------+---------+---------+
       Total:                         656    0         48     
                                                              
    .\devices\msp\m0p\startup_system_files\ticlang\
       startup_mspm0g350x_ticlang.o   8      192       0      
    +--+------------------------------+------+---------+---------+
       Total:                         8      192       0      
                                                              
    .\driverlib\
       dl_uart.o                      174    0         0      
       dl_adc12.o                     116    0         0      
       dl_common.o                    20     0         0      
    +--+------------------------------+------+---------+---------+
       Total:                         310    0         0      
                                                              
    .\src\
       msg_pool.o                     364    0         568    
       dl_uart_custom.o               192    0         0      
       converter.o                    152    0         0      
       flag.o                         128    0         0      
       message_log.o                  20     0         106    
       dc_1v2.o                       28     44        24     
    +--+------------------------------+------+---------+---------+
       Total:                         884    44        698    
                                                              
    .\syscfg\
       ti_msp_dl_config.o             1256   20        0      
    +--+------------------------------+------+---------+---------+
       Total:                         1256   20        0      
                                                              
    C:\ti\ccstheia140\ccs\tools\compiler\ti-cgt-armllvm_3.2.2.LTS\lib\armv6m-ti-none-eabi/c/libc.a
       copy_decompress_lzss.c.obj     120    0         0      
       autoinit.c.obj                 60     0         0      
       boot_cortex_m.c.obj            40     0         0      
       copy_zero_init.c.obj           22     0         0      
       copy_decompress_none.c.obj     18     0         0      
       memcpy16.S.obj                 18     0         0      
       exit.c.obj                     4      0         0      
       pre_init.c.obj                 4      0         0      
    +--+------------------------------+------+---------+---------+
       Total:                         286    0         0      
                                                              
    C:\ti\ccstheia140\ccs\tools\compiler\ti-cgt-armllvm_3.2.2.LTS\lib\clang/15.0.7/lib/armv6m-ti-none-eabi/libclang_rt.builtins.a
       aeabi_memcpy.S.obj             8      0         0      
    +--+------------------------------+------+---------+---------+
       Total:                         8      0         0      
                                                              
       Stack:                         0      0         512    
       Linker Generated:              0      129       0      
    +--+------------------------------+------+---------+---------+
       Grand Total:                   3408   385       1258   


LINKER GENERATED COPY TABLES

__TI_cinit_table @ 00000ecc records: 2, size/record: 8, table size: 16
	.data: load addr=00000e58, load size=0000005d bytes, run addr=20200270, run size=0000007a bytes, compression=lzss
	.bss: load addr=00000ec4, load size=00000008 bytes, run addr=20200000, run size=00000270 bytes, compression=zero_init


LINKER GENERATED HANDLER TABLE

__TI_handler_table @ 00000eb8 records: 3, size/record: 4, table size: 12
	index: 0, handler: __TI_decompress_lzss
	index: 1, handler: __TI_decompress_none
	index: 2, handler: __TI_zero_init


GLOBAL SYMBOLS: SORTED ALPHABETICALLY BY Name 

address   name                           
-------   ----                           
00000749  ADC0_IRQHandler                
00000e09  ADC1_IRQHandler                
00000e09  AES_IRQHandler                 
00000e14  C$$EXIT                        
00000e09  CANFD0_IRQHandler              
00000981  CreateDC1V2                    
00000e09  DAC0_IRQHandler                
000004e1  DL_ADC12_setClockConfig        
00000ccd  DL_Common_delayCycles          
0000052d  DL_UART_init                   
00000901  DL_UART_setClockConfig         
00000e09  DMA_IRQHandler                 
00000e09  Default_Handler                
00000e09  GROUP0_IRQHandler              
00000e09  GROUP1_IRQHandler              
0000028d  HAL_UART_Transmit              
00000e09  HardFault_Handler              
00000e09  I2C0_IRQHandler                
00000e09  I2C1_IRQHandler                
00000e09  NMI_Handler                    
00000e09  PendSV_Handler                 
00000e09  RTC_IRQHandler                 
00000e0d  Reset_Handler                  
00000e09  SPI0_IRQHandler                
00000e09  SPI1_IRQHandler                
00000e09  SVC_Handler                    
00000335  SYSCFG_DL_ADC12_0_init         
00000491  SYSCFG_DL_GPIO_init            
00000835  SYSCFG_DL_SYSCTL_init          
00000611  SYSCFG_DL_UART_0_init          
00000c05  SYSCFG_DL_init                 
0000043d  SYSCFG_DL_initPower            
00000e09  SysTick_Handler                
00000e09  TIMA0_IRQHandler               
00000e09  TIMA1_IRQHandler               
00000e09  TIMG0_IRQHandler               
00000e09  TIMG12_IRQHandler              
00000e09  TIMG6_IRQHandler               
00000e09  TIMG7_IRQHandler               
00000e09  TIMG8_IRQHandler               
00000d91  TI_memcpy_small                
000007a9  UART0_IRQHandler               
00000e09  UART1_IRQHandler               
00000e09  UART2_IRQHandler               
00000e09  UART3_IRQHandler               
20208000  __STACK_END                    
00000200  __STACK_SIZE                   
00000000  __TI_ATRegion0_region_sz       
00000000  __TI_ATRegion0_src_addr        
00000000  __TI_ATRegion0_trg_addr        
00000000  __TI_ATRegion1_region_sz       
00000000  __TI_ATRegion1_src_addr        
00000000  __TI_ATRegion1_trg_addr        
00000000  __TI_ATRegion2_region_sz       
00000000  __TI_ATRegion2_src_addr        
00000000  __TI_ATRegion2_trg_addr        
00000ecc  __TI_CINIT_Base                
00000edc  __TI_CINIT_Limit               
00000edc  __TI_CINIT_Warm                
00000eb8  __TI_Handler_Table_Base        
00000ec4  __TI_Handler_Table_Limit       
000006d9  __TI_auto_init_nobinit_nopinit 
000003c5  __TI_decompress_lzss           
00000da3  __TI_decompress_none           
ffffffff  __TI_pprof_out_hndl            
ffffffff  __TI_prof_data_size            
ffffffff  __TI_prof_data_start           
00000000  __TI_static_base__             
00000cb7  __TI_zero_init_nomemset        
00000e01  __aeabi_memcpy                 
00000e01  __aeabi_memcpy4                
00000e01  __aeabi_memcpy8                
ffffffff  __binit__                      
UNDEFED   __mpu_init                     
20207e00  __stack                        
20200000  __start___llvm_prf_bits        
20200000  __start___llvm_prf_cnts        
20200000  __stop___llvm_prf_bits         
20200000  __stop___llvm_prf_cnts         
000008d9  _c_int00_noargs                
UNDEFED   _system_post_cinit             
00000e11  _system_pre_init               
00000e15  abort                          
00000c75  analog_conv_disable_active_high
00000c8b  analog_conv_enable_active_high 
UNDEFED   available_room                 
ffffffff  binit                          
00000a99  disable_converter_by_pin       
00000ab3  enable_converter_by_pin        
00000df5  get_voltage_by_ADC             
20200240  huart0                         
00000a7d  init_flag                      
00000d45  init_log_message               
00000d59  init_msg_pool_tx               
00000000  interruptVectors               
20200200  log_array                      
000001bd  main                           
00000925  msg_pkg_created                
00000699  msg_pkg_depool                 
000000c1  msg_pkg_enpool                 
20200000  msg_pool_tx_array              
00000715  toggle_flag                    
000007d9  wait_ADC_conversion_done       


GLOBAL SYMBOLS: SORTED BY Symbol Address 

address   name                           
-------   ----                           
00000000  __TI_ATRegion0_region_sz       
00000000  __TI_ATRegion0_src_addr        
00000000  __TI_ATRegion0_trg_addr        
00000000  __TI_ATRegion1_region_sz       
00000000  __TI_ATRegion1_src_addr        
00000000  __TI_ATRegion1_trg_addr        
00000000  __TI_ATRegion2_region_sz       
00000000  __TI_ATRegion2_src_addr        
00000000  __TI_ATRegion2_trg_addr        
00000000  __TI_static_base__             
00000000  interruptVectors               
000000c1  msg_pkg_enpool                 
000001bd  main                           
00000200  __STACK_SIZE                   
0000028d  HAL_UART_Transmit              
00000335  SYSCFG_DL_ADC12_0_init         
000003c5  __TI_decompress_lzss           
0000043d  SYSCFG_DL_initPower            
00000491  SYSCFG_DL_GPIO_init            
000004e1  DL_ADC12_setClockConfig        
0000052d  DL_UART_init                   
00000611  SYSCFG_DL_UART_0_init          
00000699  msg_pkg_depool                 
000006d9  __TI_auto_init_nobinit_nopinit 
00000715  toggle_flag                    
00000749  ADC0_IRQHandler                
000007a9  UART0_IRQHandler               
000007d9  wait_ADC_conversion_done       
00000835  SYSCFG_DL_SYSCTL_init          
000008d9  _c_int00_noargs                
00000901  DL_UART_setClockConfig         
00000925  msg_pkg_created                
00000981  CreateDC1V2                    
00000a7d  init_flag                      
00000a99  disable_converter_by_pin       
00000ab3  enable_converter_by_pin        
00000c05  SYSCFG_DL_init                 
00000c75  analog_conv_disable_active_high
00000c8b  analog_conv_enable_active_high 
00000cb7  __TI_zero_init_nomemset        
00000ccd  DL_Common_delayCycles          
00000d45  init_log_message               
00000d59  init_msg_pool_tx               
00000d91  TI_memcpy_small                
00000da3  __TI_decompress_none           
00000df5  get_voltage_by_ADC             
00000e01  __aeabi_memcpy                 
00000e01  __aeabi_memcpy4                
00000e01  __aeabi_memcpy8                
00000e09  ADC1_IRQHandler                
00000e09  AES_IRQHandler                 
00000e09  CANFD0_IRQHandler              
00000e09  DAC0_IRQHandler                
00000e09  DMA_IRQHandler                 
00000e09  Default_Handler                
00000e09  GROUP0_IRQHandler              
00000e09  GROUP1_IRQHandler              
00000e09  HardFault_Handler              
00000e09  I2C0_IRQHandler                
00000e09  I2C1_IRQHandler                
00000e09  NMI_Handler                    
00000e09  PendSV_Handler                 
00000e09  RTC_IRQHandler                 
00000e09  SPI0_IRQHandler                
00000e09  SPI1_IRQHandler                
00000e09  SVC_Handler                    
00000e09  SysTick_Handler                
00000e09  TIMA0_IRQHandler               
00000e09  TIMA1_IRQHandler               
00000e09  TIMG0_IRQHandler               
00000e09  TIMG12_IRQHandler              
00000e09  TIMG6_IRQHandler               
00000e09  TIMG7_IRQHandler               
00000e09  TIMG8_IRQHandler               
00000e09  UART1_IRQHandler               
00000e09  UART2_IRQHandler               
00000e09  UART3_IRQHandler               
00000e0d  Reset_Handler                  
00000e11  _system_pre_init               
00000e14  C$$EXIT                        
00000e15  abort                          
00000eb8  __TI_Handler_Table_Base        
00000ec4  __TI_Handler_Table_Limit       
00000ecc  __TI_CINIT_Base                
00000edc  __TI_CINIT_Limit               
00000edc  __TI_CINIT_Warm                
20200000  __start___llvm_prf_bits        
20200000  __start___llvm_prf_cnts        
20200000  __stop___llvm_prf_bits         
20200000  __stop___llvm_prf_cnts         
20200000  msg_pool_tx_array              
20200200  log_array                      
20200240  huart0                         
20207e00  __stack                        
20208000  __STACK_END                    
ffffffff  __TI_pprof_out_hndl            
ffffffff  __TI_prof_data_size            
ffffffff  __TI_prof_data_start           
ffffffff  __binit__                      
ffffffff  binit                          
UNDEFED   __mpu_init                     
UNDEFED   _system_post_cinit             
UNDEFED   available_room                 

[103 symbols]
