<?xml version="1.0" encoding="ISO-8859-1" ?>
<link_info>
   <banner>TI ARM Clang Linker PC v3.2.2.LTS</banner>
   <copyright>Copyright (c) 1996-2018 Texas Instruments Incorporated</copyright>
   <link_time>0x666960a8</link_time>
   <link_errors>0x0</link_errors>
   <output_file>C:\Users\ehuiyue\workspace_ccstheia\adc_to_uart_LP_MSPM0G3507_nortos_ticlang\Debug\adc_to_uart_LP_MSPM0G3507_nortos_ticlang.out</output_file>
   <entry_point>
      <name>_c_int00_noargs</name>
      <address>0x7f1</address>
   </entry_point>
   <input_file_list>
      <input_file id="fl-1">
         <path>C:\Users\ehuiyue\workspace_ccstheia\adc_to_uart_LP_MSPM0G3507_nortos_ticlang\Debug\.\</path>
         <kind>object</kind>
         <file>adc_to_uart.o</file>
         <name>adc_to_uart.o</name>
      </input_file>
      <input_file id="fl-2">
         <path>C:\Users\ehuiyue\workspace_ccstheia\adc_to_uart_LP_MSPM0G3507_nortos_ticlang\Debug\.\devices\msp\m0p\startup_system_files\ticlang\</path>
         <kind>object</kind>
         <file>startup_mspm0g350x_ticlang.o</file>
         <name>startup_mspm0g350x_ticlang.o</name>
      </input_file>
      <input_file id="fl-3">
         <path>C:\Users\ehuiyue\workspace_ccstheia\adc_to_uart_LP_MSPM0G3507_nortos_ticlang\Debug\.\driverlib\</path>
         <kind>object</kind>
         <file>dl_adc12.o</file>
         <name>dl_adc12.o</name>
      </input_file>
      <input_file id="fl-4">
         <path>C:\Users\ehuiyue\workspace_ccstheia\adc_to_uart_LP_MSPM0G3507_nortos_ticlang\Debug\.\driverlib\</path>
         <kind>object</kind>
         <file>dl_aes.o</file>
         <name>dl_aes.o</name>
      </input_file>
      <input_file id="fl-5">
         <path>C:\Users\ehuiyue\workspace_ccstheia\adc_to_uart_LP_MSPM0G3507_nortos_ticlang\Debug\.\driverlib\</path>
         <kind>object</kind>
         <file>dl_aesadv.o</file>
         <name>dl_aesadv.o</name>
      </input_file>
      <input_file id="fl-6">
         <path>C:\Users\ehuiyue\workspace_ccstheia\adc_to_uart_LP_MSPM0G3507_nortos_ticlang\Debug\.\driverlib\</path>
         <kind>object</kind>
         <file>dl_common.o</file>
         <name>dl_common.o</name>
      </input_file>
      <input_file id="fl-7">
         <path>C:\Users\ehuiyue\workspace_ccstheia\adc_to_uart_LP_MSPM0G3507_nortos_ticlang\Debug\.\driverlib\</path>
         <kind>object</kind>
         <file>dl_crc.o</file>
         <name>dl_crc.o</name>
      </input_file>
      <input_file id="fl-8">
         <path>C:\Users\ehuiyue\workspace_ccstheia\adc_to_uart_LP_MSPM0G3507_nortos_ticlang\Debug\.\driverlib\</path>
         <kind>object</kind>
         <file>dl_crcp.o</file>
         <name>dl_crcp.o</name>
      </input_file>
      <input_file id="fl-9">
         <path>C:\Users\ehuiyue\workspace_ccstheia\adc_to_uart_LP_MSPM0G3507_nortos_ticlang\Debug\.\driverlib\</path>
         <kind>object</kind>
         <file>dl_dac12.o</file>
         <name>dl_dac12.o</name>
      </input_file>
      <input_file id="fl-a">
         <path>C:\Users\ehuiyue\workspace_ccstheia\adc_to_uart_LP_MSPM0G3507_nortos_ticlang\Debug\.\driverlib\</path>
         <kind>object</kind>
         <file>dl_dma.o</file>
         <name>dl_dma.o</name>
      </input_file>
      <input_file id="fl-b">
         <path>C:\Users\ehuiyue\workspace_ccstheia\adc_to_uart_LP_MSPM0G3507_nortos_ticlang\Debug\.\driverlib\</path>
         <kind>object</kind>
         <file>dl_flashctl.o</file>
         <name>dl_flashctl.o</name>
      </input_file>
      <input_file id="fl-c">
         <path>C:\Users\ehuiyue\workspace_ccstheia\adc_to_uart_LP_MSPM0G3507_nortos_ticlang\Debug\.\driverlib\</path>
         <kind>object</kind>
         <file>dl_i2c.o</file>
         <name>dl_i2c.o</name>
      </input_file>
      <input_file id="fl-d">
         <path>C:\Users\ehuiyue\workspace_ccstheia\adc_to_uart_LP_MSPM0G3507_nortos_ticlang\Debug\.\driverlib\</path>
         <kind>object</kind>
         <file>dl_keystorectl.o</file>
         <name>dl_keystorectl.o</name>
      </input_file>
      <input_file id="fl-e">
         <path>C:\Users\ehuiyue\workspace_ccstheia\adc_to_uart_LP_MSPM0G3507_nortos_ticlang\Debug\.\driverlib\</path>
         <kind>object</kind>
         <file>dl_lcd.o</file>
         <name>dl_lcd.o</name>
      </input_file>
      <input_file id="fl-f">
         <path>C:\Users\ehuiyue\workspace_ccstheia\adc_to_uart_LP_MSPM0G3507_nortos_ticlang\Debug\.\driverlib\</path>
         <kind>object</kind>
         <file>dl_lfss.o</file>
         <name>dl_lfss.o</name>
      </input_file>
      <input_file id="fl-10">
         <path>C:\Users\ehuiyue\workspace_ccstheia\adc_to_uart_LP_MSPM0G3507_nortos_ticlang\Debug\.\driverlib\</path>
         <kind>object</kind>
         <file>dl_mathacl.o</file>
         <name>dl_mathacl.o</name>
      </input_file>
      <input_file id="fl-11">
         <path>C:\Users\ehuiyue\workspace_ccstheia\adc_to_uart_LP_MSPM0G3507_nortos_ticlang\Debug\.\driverlib\</path>
         <kind>object</kind>
         <file>dl_mcan.o</file>
         <name>dl_mcan.o</name>
      </input_file>
      <input_file id="fl-12">
         <path>C:\Users\ehuiyue\workspace_ccstheia\adc_to_uart_LP_MSPM0G3507_nortos_ticlang\Debug\.\driverlib\</path>
         <kind>object</kind>
         <file>dl_opa.o</file>
         <name>dl_opa.o</name>
      </input_file>
      <input_file id="fl-13">
         <path>C:\Users\ehuiyue\workspace_ccstheia\adc_to_uart_LP_MSPM0G3507_nortos_ticlang\Debug\.\driverlib\</path>
         <kind>object</kind>
         <file>dl_rtc_common.o</file>
         <name>dl_rtc_common.o</name>
      </input_file>
      <input_file id="fl-14">
         <path>C:\Users\ehuiyue\workspace_ccstheia\adc_to_uart_LP_MSPM0G3507_nortos_ticlang\Debug\.\driverlib\</path>
         <kind>object</kind>
         <file>dl_spi.o</file>
         <name>dl_spi.o</name>
      </input_file>
      <input_file id="fl-15">
         <path>C:\Users\ehuiyue\workspace_ccstheia\adc_to_uart_LP_MSPM0G3507_nortos_ticlang\Debug\.\driverlib\</path>
         <kind>object</kind>
         <file>dl_timer.o</file>
         <name>dl_timer.o</name>
      </input_file>
      <input_file id="fl-16">
         <path>C:\Users\ehuiyue\workspace_ccstheia\adc_to_uart_LP_MSPM0G3507_nortos_ticlang\Debug\.\driverlib\</path>
         <kind>object</kind>
         <file>dl_trng.o</file>
         <name>dl_trng.o</name>
      </input_file>
      <input_file id="fl-17">
         <path>C:\Users\ehuiyue\workspace_ccstheia\adc_to_uart_LP_MSPM0G3507_nortos_ticlang\Debug\.\driverlib\</path>
         <kind>object</kind>
         <file>dl_uart.o</file>
         <name>dl_uart.o</name>
      </input_file>
      <input_file id="fl-18">
         <path>C:\Users\ehuiyue\workspace_ccstheia\adc_to_uart_LP_MSPM0G3507_nortos_ticlang\Debug\.\driverlib\</path>
         <kind>object</kind>
         <file>dl_vref.o</file>
         <name>dl_vref.o</name>
      </input_file>
      <input_file id="fl-19">
         <path>C:\Users\ehuiyue\workspace_ccstheia\adc_to_uart_LP_MSPM0G3507_nortos_ticlang\Debug\.\driverlib\m0p\</path>
         <kind>object</kind>
         <file>dl_interrupt.o</file>
         <name>dl_interrupt.o</name>
      </input_file>
      <input_file id="fl-1a">
         <path>C:\Users\ehuiyue\workspace_ccstheia\adc_to_uart_LP_MSPM0G3507_nortos_ticlang\Debug\.\driverlib\m0p\sysctl\</path>
         <kind>object</kind>
         <file>dl_sysctl_mspm0c110x.o</file>
         <name>dl_sysctl_mspm0c110x.o</name>
      </input_file>
      <input_file id="fl-1b">
         <path>C:\Users\ehuiyue\workspace_ccstheia\adc_to_uart_LP_MSPM0G3507_nortos_ticlang\Debug\.\driverlib\m0p\sysctl\</path>
         <kind>object</kind>
         <file>dl_sysctl_mspm0g1x0x_g3x0x.o</file>
         <name>dl_sysctl_mspm0g1x0x_g3x0x.o</name>
      </input_file>
      <input_file id="fl-1c">
         <path>C:\Users\ehuiyue\workspace_ccstheia\adc_to_uart_LP_MSPM0G3507_nortos_ticlang\Debug\.\driverlib\m0p\sysctl\</path>
         <kind>object</kind>
         <file>dl_sysctl_mspm0l11xx_l13xx.o</file>
         <name>dl_sysctl_mspm0l11xx_l13xx.o</name>
      </input_file>
      <input_file id="fl-1d">
         <path>C:\Users\ehuiyue\workspace_ccstheia\adc_to_uart_LP_MSPM0G3507_nortos_ticlang\Debug\.\driverlib\m0p\sysctl\</path>
         <kind>object</kind>
         <file>dl_sysctl_mspm0l122x_l222x.o</file>
         <name>dl_sysctl_mspm0l122x_l222x.o</name>
      </input_file>
      <input_file id="fl-1e">
         <path>C:\Users\ehuiyue\workspace_ccstheia\adc_to_uart_LP_MSPM0G3507_nortos_ticlang\Debug\.\src\</path>
         <kind>object</kind>
         <file>buffer.o</file>
         <name>buffer.o</name>
      </input_file>
      <input_file id="fl-1f">
         <path>C:\Users\ehuiyue\workspace_ccstheia\adc_to_uart_LP_MSPM0G3507_nortos_ticlang\Debug\.\src\</path>
         <kind>object</kind>
         <file>converter.o</file>
         <name>converter.o</name>
      </input_file>
      <input_file id="fl-20">
         <path>C:\Users\ehuiyue\workspace_ccstheia\adc_to_uart_LP_MSPM0G3507_nortos_ticlang\Debug\.\src\</path>
         <kind>object</kind>
         <file>dc_1v2.o</file>
         <name>dc_1v2.o</name>
      </input_file>
      <input_file id="fl-21">
         <path>C:\Users\ehuiyue\workspace_ccstheia\adc_to_uart_LP_MSPM0G3507_nortos_ticlang\Debug\.\src\</path>
         <kind>object</kind>
         <file>dl_uart_custom.o</file>
         <name>dl_uart_custom.o</name>
      </input_file>
      <input_file id="fl-22">
         <path>C:\Users\ehuiyue\workspace_ccstheia\adc_to_uart_LP_MSPM0G3507_nortos_ticlang\Debug\.\src\</path>
         <kind>object</kind>
         <file>flag.o</file>
         <name>flag.o</name>
      </input_file>
      <input_file id="fl-23">
         <path>C:\Users\ehuiyue\workspace_ccstheia\adc_to_uart_LP_MSPM0G3507_nortos_ticlang\Debug\.\src\</path>
         <kind>object</kind>
         <file>message_gui.o</file>
         <name>message_gui.o</name>
      </input_file>
      <input_file id="fl-24">
         <path>C:\Users\ehuiyue\workspace_ccstheia\adc_to_uart_LP_MSPM0G3507_nortos_ticlang\Debug\.\src\</path>
         <kind>object</kind>
         <file>message_log.o</file>
         <name>message_log.o</name>
      </input_file>
      <input_file id="fl-25">
         <path>C:\Users\ehuiyue\workspace_ccstheia\adc_to_uart_LP_MSPM0G3507_nortos_ticlang\Debug\.\src\</path>
         <kind>object</kind>
         <file>message_ucd.o</file>
         <name>message_ucd.o</name>
      </input_file>
      <input_file id="fl-26">
         <path>C:\Users\ehuiyue\workspace_ccstheia\adc_to_uart_LP_MSPM0G3507_nortos_ticlang\Debug\.\syscfg\</path>
         <kind>object</kind>
         <file>ti_msp_dl_config.o</file>
         <name>ti_msp_dl_config.o</name>
      </input_file>
      <input_file id="fl-32">
         <path>C:\Users\ehuiyue\workspace_ccstheia\adc_to_uart_LP_MSPM0G3507_nortos_ticlang\Debug\</path>
         <kind>object</kind>
         <file>&lt;internal&gt;</file>
         <name>&lt;internal&gt;</name>
      </input_file>
      <input_file id="fl-41">
         <path>C:\ti\ccstheia140\ccs\tools\compiler\ti-cgt-armllvm_3.2.2.LTS\lib\armv6m-ti-none-eabi\c\</path>
         <kind>archive</kind>
         <file>libc.a</file>
         <name>boot_cortex_m.c.obj</name>
      </input_file>
      <input_file id="fl-42">
         <path>C:\ti\ccstheia140\ccs\tools\compiler\ti-cgt-armllvm_3.2.2.LTS\lib\armv6m-ti-none-eabi\c\</path>
         <kind>archive</kind>
         <file>libc.a</file>
         <name>mathacl_init.c.obj</name>
      </input_file>
      <input_file id="fl-43">
         <path>C:\ti\ccstheia140\ccs\tools\compiler\ti-cgt-armllvm_3.2.2.LTS\lib\armv6m-ti-none-eabi\c\</path>
         <kind>archive</kind>
         <file>libc.a</file>
         <name>autoinit.c.obj</name>
      </input_file>
      <input_file id="fl-44">
         <path>C:\ti\ccstheia140\ccs\tools\compiler\ti-cgt-armllvm_3.2.2.LTS\lib\armv6m-ti-none-eabi\c\</path>
         <kind>archive</kind>
         <file>libc.a</file>
         <name>pre_init.c.obj</name>
      </input_file>
      <input_file id="fl-45">
         <path>C:\ti\ccstheia140\ccs\tools\compiler\ti-cgt-armllvm_3.2.2.LTS\lib\armv6m-ti-none-eabi\c\</path>
         <kind>archive</kind>
         <file>libc.a</file>
         <name>cpy_tbl.c.obj</name>
      </input_file>
      <input_file id="fl-46">
         <path>C:\ti\ccstheia140\ccs\tools\compiler\ti-cgt-armllvm_3.2.2.LTS\lib\armv6m-ti-none-eabi\c\</path>
         <kind>archive</kind>
         <file>libc.a</file>
         <name>copy_zero_init.c.obj</name>
      </input_file>
      <input_file id="fl-47">
         <path>C:\ti\ccstheia140\ccs\tools\compiler\ti-cgt-armllvm_3.2.2.LTS\lib\armv6m-ti-none-eabi\c\</path>
         <kind>archive</kind>
         <file>libc.a</file>
         <name>copy_decompress_none.c.obj</name>
      </input_file>
      <input_file id="fl-48">
         <path>C:\ti\ccstheia140\ccs\tools\compiler\ti-cgt-armllvm_3.2.2.LTS\lib\armv6m-ti-none-eabi\c\</path>
         <kind>archive</kind>
         <file>libc.a</file>
         <name>copy_decompress_lzss.c.obj</name>
      </input_file>
      <input_file id="fl-49">
         <path>C:\ti\ccstheia140\ccs\tools\compiler\ti-cgt-armllvm_3.2.2.LTS\lib\armv6m-ti-none-eabi\c\</path>
         <kind>archive</kind>
         <file>libc.a</file>
         <name>exit.c.obj</name>
      </input_file>
      <input_file id="fl-4a">
         <path>C:\ti\ccstheia140\ccs\tools\compiler\ti-cgt-armllvm_3.2.2.LTS\lib\armv6m-ti-none-eabi\c\</path>
         <kind>archive</kind>
         <file>libc.a</file>
         <name>_lock.c.obj</name>
      </input_file>
      <input_file id="fl-4b">
         <path>C:\ti\ccstheia140\ccs\tools\compiler\ti-cgt-armllvm_3.2.2.LTS\lib\armv6m-ti-none-eabi\c\</path>
         <kind>archive</kind>
         <file>libc.a</file>
         <name>args_main.c.obj</name>
      </input_file>
      <input_file id="fl-b1">
         <path>C:\ti\ccstheia140\ccs\tools\compiler\ti-cgt-armllvm_3.2.2.LTS\lib\clang\15.0.7\lib\armv6m-ti-none-eabi\</path>
         <kind>archive</kind>
         <file>libclang_rt.builtins.a</file>
         <name>aeabi_memcpy.S.obj</name>
      </input_file>
      <input_file id="fl-b2">
         <path>C:\ti\ccstheia140\ccs\tools\compiler\ti-cgt-armllvm_3.2.2.LTS\lib\clang\15.0.7\lib\armv6m-ti-none-eabi\</path>
         <kind>archive</kind>
         <file>libclang_rt.builtins.a</file>
         <name>aeabi_memset.S.obj</name>
      </input_file>
      <input_file id="fl-b3">
         <path>C:\ti\ccstheia140\ccs\tools\compiler\ti-cgt-armllvm_3.2.2.LTS\lib\clang\15.0.7\lib\armv6m-ti-none-eabi\</path>
         <kind>archive</kind>
         <file>libclang_rt.builtins.a</file>
         <name>aeabi_uidivmod.S.obj</name>
      </input_file>
      <input_file id="fl-b4">
         <path>C:\ti\ccstheia140\ccs\tools\compiler\ti-cgt-armllvm_3.2.2.LTS\lib\clang\15.0.7\lib\armv6m-ti-none-eabi\</path>
         <kind>archive</kind>
         <file>libclang_rt.builtins.a</file>
         <name>aeabi_div0.c.obj</name>
      </input_file>
      <input_file id="fl-b5">
         <path>C:\ti\ccstheia140\ccs\tools\compiler\ti-cgt-armllvm_3.2.2.LTS\lib\armv6m-ti-none-eabi\c\</path>
         <kind>archive</kind>
         <file>libc.a</file>
         <name>memcpy16.S.obj</name>
      </input_file>
      <input_file id="fl-b6">
         <path>C:\ti\ccstheia140\ccs\tools\compiler\ti-cgt-armllvm_3.2.2.LTS\lib\armv6m-ti-none-eabi\c\</path>
         <kind>archive</kind>
         <file>libc.a</file>
         <name>memset16.S.obj</name>
      </input_file>
   </input_file_list>
   <object_component_list>
      <object_component id="oc-18">
         <name>.intvecs</name>
         <load_address>0x0</load_address>
         <readonly>true</readonly>
         <run_address>0x0</run_address>
         <size>0xc0</size>
         <alignment>0x4</alignment>
         <input_file_ref idref="fl-2"/>
      </object_component>
      <object_component id="oc-75">
         <name>.text.main</name>
         <load_address>0xc0</load_address>
         <readonly>true</readonly>
         <executable>true</executable>
         <run_address>0xc0</run_address>
         <size>0xdc</size>
         <alignment>0x4</alignment>
         <input_file_ref idref="fl-1"/>
      </object_component>
      <object_component id="oc-dc">
         <name>.text.HAL_UART_Transmit</name>
         <load_address>0x19c</load_address>
         <readonly>true</readonly>
         <executable>true</executable>
         <run_address>0x19c</run_address>
         <size>0xa8</size>
         <alignment>0x2</alignment>
         <input_file_ref idref="fl-21"/>
      </object_component>
      <object_component id="oc-d6">
         <name>.text.SYSCFG_DL_ADC12_0_init</name>
         <load_address>0x244</load_address>
         <readonly>true</readonly>
         <executable>true</executable>
         <run_address>0x244</run_address>
         <size>0x90</size>
         <alignment>0x4</alignment>
         <input_file_ref idref="fl-26"/>
      </object_component>
      <object_component id="oc-1c">
         <name>.text:decompress:lzss</name>
         <load_address>0x2d4</load_address>
         <readonly>true</readonly>
         <executable>true</executable>
         <run_address>0x2d4</run_address>
         <size>0x78</size>
         <alignment>0x4</alignment>
         <input_file_ref idref="fl-48"/>
      </object_component>
      <object_component id="oc-d2">
         <name>.text.SYSCFG_DL_initPower</name>
         <load_address>0x34c</load_address>
         <readonly>true</readonly>
         <executable>true</executable>
         <run_address>0x34c</run_address>
         <size>0x54</size>
         <alignment>0x4</alignment>
         <input_file_ref idref="fl-26"/>
      </object_component>
      <object_component id="oc-d3">
         <name>.text.SYSCFG_DL_GPIO_init</name>
         <load_address>0x3a0</load_address>
         <readonly>true</readonly>
         <executable>true</executable>
         <run_address>0x3a0</run_address>
         <size>0x50</size>
         <alignment>0x4</alignment>
         <input_file_ref idref="fl-26"/>
      </object_component>
      <object_component id="oc-114">
         <name>.text.DL_ADC12_setClockConfig</name>
         <load_address>0x3f0</load_address>
         <readonly>true</readonly>
         <executable>true</executable>
         <run_address>0x3f0</run_address>
         <size>0x4c</size>
         <alignment>0x4</alignment>
         <input_file_ref idref="fl-3"/>
      </object_component>
      <object_component id="oc-10d">
         <name>.text.DL_UART_init</name>
         <load_address>0x43c</load_address>
         <readonly>true</readonly>
         <executable>true</executable>
         <run_address>0x43c</run_address>
         <size>0x4c</size>
         <alignment>0x4</alignment>
         <input_file_ref idref="fl-17"/>
      </object_component>
      <object_component id="oc-10f">
         <name>.text.DL_UART_setBaudRateDivisor</name>
         <load_address>0x488</load_address>
         <readonly>true</readonly>
         <executable>true</executable>
         <run_address>0x488</run_address>
         <size>0x4c</size>
         <alignment>0x4</alignment>
         <input_file_ref idref="fl-26"/>
      </object_component>
      <object_component id="oc-119">
         <name>.text.DL_ADC12_configConversionMem</name>
         <load_address>0x4d4</load_address>
         <readonly>true</readonly>
         <executable>true</executable>
         <run_address>0x4d4</run_address>
         <size>0x4a</size>
         <alignment>0x2</alignment>
         <input_file_ref idref="fl-26"/>
      </object_component>
      <object_component id="oc-d5">
         <name>.text.SYSCFG_DL_UART_0_init</name>
         <load_address>0x520</load_address>
         <readonly>true</readonly>
         <executable>true</executable>
         <run_address>0x520</run_address>
         <size>0x48</size>
         <alignment>0x4</alignment>
         <input_file_ref idref="fl-26"/>
      </object_component>
      <object_component id="oc-9b">
         <name>.text.send_log_message</name>
         <load_address>0x568</load_address>
         <readonly>true</readonly>
         <executable>true</executable>
         <run_address>0x568</run_address>
         <size>0x48</size>
         <alignment>0x4</alignment>
         <input_file_ref idref="fl-24"/>
      </object_component>
      <object_component id="oc-a9">
         <name>.text.send_plot_data</name>
         <load_address>0x5b0</load_address>
         <readonly>true</readonly>
         <executable>true</executable>
         <run_address>0x5b0</run_address>
         <size>0x40</size>
         <alignment>0x4</alignment>
         <input_file_ref idref="fl-1"/>
      </object_component>
      <object_component id="oc-b9">
         <name>.text:__TI_auto_init_nobinit_nopinit</name>
         <load_address>0x5f0</load_address>
         <readonly>true</readonly>
         <executable>true</executable>
         <run_address>0x5f0</run_address>
         <size>0x3c</size>
         <alignment>0x4</alignment>
         <input_file_ref idref="fl-43"/>
      </object_component>
      <object_component id="oc-5f">
         <name>.text.toggle_flag</name>
         <load_address>0x62c</load_address>
         <readonly>true</readonly>
         <executable>true</executable>
         <run_address>0x62c</run_address>
         <size>0x34</size>
         <alignment>0x2</alignment>
         <input_file_ref idref="fl-22"/>
      </object_component>
      <object_component id="oc-34">
         <name>.text.ADC0_IRQHandler</name>
         <load_address>0x660</load_address>
         <readonly>true</readonly>
         <executable>true</executable>
         <run_address>0x660</run_address>
         <size>0x30</size>
         <alignment>0x4</alignment>
         <input_file_ref idref="fl-1"/>
      </object_component>
      <object_component id="oc-e7">
         <name>.text.DL_ADC12_getMemResult</name>
         <load_address>0x690</load_address>
         <readonly>true</readonly>
         <executable>true</executable>
         <run_address>0x690</run_address>
         <size>0x30</size>
         <alignment>0x4</alignment>
         <input_file_ref idref="fl-1"/>
      </object_component>
      <object_component id="oc-39">
         <name>.text.UART0_IRQHandler</name>
         <load_address>0x6c0</load_address>
         <readonly>true</readonly>
         <executable>true</executable>
         <run_address>0x6c0</run_address>
         <size>0x30</size>
         <alignment>0x4</alignment>
         <input_file_ref idref="fl-1"/>
      </object_component>
      <object_component id="oc-a8">
         <name>.text.wait_ADC_conversion_done</name>
         <load_address>0x6f0</load_address>
         <readonly>true</readonly>
         <executable>true</executable>
         <run_address>0x6f0</run_address>
         <size>0x30</size>
         <alignment>0x4</alignment>
         <input_file_ref idref="fl-22"/>
      </object_component>
      <object_component id="oc-91">
         <name>.text.__NVIC_EnableIRQ</name>
         <load_address>0x720</load_address>
         <readonly>true</readonly>
         <executable>true</executable>
         <run_address>0x720</run_address>
         <size>0x2c</size>
         <alignment>0x4</alignment>
         <input_file_ref idref="fl-1"/>
      </object_component>
      <object_component id="oc-d4">
         <name>.text.SYSCFG_DL_SYSCTL_init</name>
         <load_address>0x74c</load_address>
         <readonly>true</readonly>
         <executable>true</executable>
         <run_address>0x74c</run_address>
         <size>0x2a</size>
         <alignment>0x2</alignment>
         <input_file_ref idref="fl-26"/>
      </object_component>
      <object_component id="oc-137">
         <name>.text.DL_Common_updateReg</name>
         <load_address>0x776</load_address>
         <readonly>true</readonly>
         <executable>true</executable>
         <run_address>0x776</run_address>
         <size>0x28</size>
         <alignment>0x2</alignment>
         <input_file_ref idref="fl-3"/>
      </object_component>
      <object_component id="oc-136">
         <name>.text.DL_Common_updateReg</name>
         <load_address>0x79e</load_address>
         <readonly>true</readonly>
         <executable>true</executable>
         <run_address>0x79e</run_address>
         <size>0x28</size>
         <alignment>0x2</alignment>
         <input_file_ref idref="fl-17"/>
      </object_component>
      <object_component id="oc-132">
         <name>.text.DL_Common_updateReg</name>
         <load_address>0x7c6</load_address>
         <readonly>true</readonly>
         <executable>true</executable>
         <run_address>0x7c6</run_address>
         <size>0x28</size>
         <alignment>0x2</alignment>
         <input_file_ref idref="fl-26"/>
      </object_component>
      <object_component id="oc-55">
         <name>.text:_c_int00_noargs</name>
         <load_address>0x7f0</load_address>
         <readonly>true</readonly>
         <executable>true</executable>
         <run_address>0x7f0</run_address>
         <size>0x28</size>
         <alignment>0x4</alignment>
         <input_file_ref idref="fl-41"/>
      </object_component>
      <object_component id="oc-108">
         <name>.text.DL_UART_setClockConfig</name>
         <load_address>0x818</load_address>
         <readonly>true</readonly>
         <executable>true</executable>
         <run_address>0x818</run_address>
         <size>0x24</size>
         <alignment>0x4</alignment>
         <input_file_ref idref="fl-17"/>
      </object_component>
      <object_component id="oc-11a">
         <name>.text.DL_ADC12_setPowerDownMode</name>
         <load_address>0x83c</load_address>
         <readonly>true</readonly>
         <executable>true</executable>
         <run_address>0x83c</run_address>
         <size>0x1e</size>
         <alignment>0x2</alignment>
         <input_file_ref idref="fl-26"/>
      </object_component>
      <object_component id="oc-10e">
         <name>.text.DL_UART_setOversampling</name>
         <load_address>0x85a</load_address>
         <readonly>true</readonly>
         <executable>true</executable>
         <run_address>0x85a</run_address>
         <size>0x1e</size>
         <alignment>0x2</alignment>
         <input_file_ref idref="fl-26"/>
      </object_component>
      <object_component id="oc-9c">
         <name>.text.CreateDC1V2</name>
         <load_address>0x878</load_address>
         <readonly>true</readonly>
         <executable>true</executable>
         <run_address>0x878</run_address>
         <size>0x1c</size>
         <alignment>0x4</alignment>
         <input_file_ref idref="fl-20"/>
      </object_component>
      <object_component id="oc-11c">
         <name>.text.DL_ADC12_clearInterruptStatus</name>
         <load_address>0x894</load_address>
         <readonly>true</readonly>
         <executable>true</executable>
         <run_address>0x894</run_address>
         <size>0x1c</size>
         <alignment>0x4</alignment>
         <input_file_ref idref="fl-26"/>
      </object_component>
      <object_component id="oc-11d">
         <name>.text.DL_ADC12_enableInterrupt</name>
         <load_address>0x8b0</load_address>
         <readonly>true</readonly>
         <executable>true</executable>
         <run_address>0x8b0</run_address>
         <size>0x1c</size>
         <alignment>0x4</alignment>
         <input_file_ref idref="fl-26"/>
      </object_component>
      <object_component id="oc-a7">
         <name>.text.DL_ADC12_startConversion</name>
         <load_address>0x8cc</load_address>
         <readonly>true</readonly>
         <executable>true</executable>
         <run_address>0x8cc</run_address>
         <size>0x1c</size>
         <alignment>0x4</alignment>
         <input_file_ref idref="fl-1"/>
      </object_component>
      <object_component id="oc-fd">
         <name>.text.DL_GPIO_initPeripheralOutputFunction</name>
         <load_address>0x8e8</load_address>
         <readonly>true</readonly>
         <executable>true</executable>
         <run_address>0x8e8</run_address>
         <size>0x1c</size>
         <alignment>0x4</alignment>
         <input_file_ref idref="fl-26"/>
      </object_component>
      <object_component id="oc-107">
         <name>.text.DL_SYSCTL_setMCLKDivider</name>
         <load_address>0x904</load_address>
         <readonly>true</readonly>
         <executable>true</executable>
         <run_address>0x904</run_address>
         <size>0x1c</size>
         <alignment>0x4</alignment>
         <input_file_ref idref="fl-26"/>
      </object_component>
      <object_component id="oc-103">
         <name>.text.DL_SYSCTL_setSYSOSCFreq</name>
         <load_address>0x920</load_address>
         <readonly>true</readonly>
         <executable>true</executable>
         <run_address>0x920</run_address>
         <size>0x1c</size>
         <alignment>0x4</alignment>
         <input_file_ref idref="fl-26"/>
      </object_component>
      <object_component id="oc-106">
         <name>.text.DL_SYSCTL_setULPCLKDivider</name>
         <load_address>0x93c</load_address>
         <readonly>true</readonly>
         <executable>true</executable>
         <run_address>0x93c</run_address>
         <size>0x1c</size>
         <alignment>0x4</alignment>
         <input_file_ref idref="fl-26"/>
      </object_component>
      <object_component id="oc-110">
         <name>.text.DL_UART_enableInterrupt</name>
         <load_address>0x958</load_address>
         <readonly>true</readonly>
         <executable>true</executable>
         <run_address>0x958</run_address>
         <size>0x1c</size>
         <alignment>0x4</alignment>
         <input_file_ref idref="fl-26"/>
      </object_component>
      <object_component id="oc-a0">
         <name>.text.init_flag</name>
         <load_address>0x974</load_address>
         <readonly>true</readonly>
         <executable>true</executable>
         <run_address>0x974</run_address>
         <size>0x1c</size>
         <alignment>0x4</alignment>
         <input_file_ref idref="fl-22"/>
      </object_component>
      <object_component id="oc-af">
         <name>.text.disable_converter_by_pin</name>
         <load_address>0x990</load_address>
         <readonly>true</readonly>
         <executable>true</executable>
         <run_address>0x990</run_address>
         <size>0x1a</size>
         <alignment>0x2</alignment>
         <input_file_ref idref="fl-1f"/>
      </object_component>
      <object_component id="oc-a1">
         <name>.text.enable_converter_by_pin</name>
         <load_address>0x9aa</load_address>
         <readonly>true</readonly>
         <executable>true</executable>
         <run_address>0x9aa</run_address>
         <size>0x1a</size>
         <alignment>0x2</alignment>
         <input_file_ref idref="fl-1f"/>
      </object_component>
      <object_component id="oc-fc">
         <name>.text.DL_ADC12_enablePower</name>
         <load_address>0x9c4</load_address>
         <readonly>true</readonly>
         <executable>true</executable>
         <run_address>0x9c4</run_address>
         <size>0x18</size>
         <alignment>0x4</alignment>
         <input_file_ref idref="fl-26"/>
      </object_component>
      <object_component id="oc-f9">
         <name>.text.DL_ADC12_reset</name>
         <load_address>0x9dc</load_address>
         <readonly>true</readonly>
         <executable>true</executable>
         <run_address>0x9dc</run_address>
         <size>0x18</size>
         <alignment>0x4</alignment>
         <input_file_ref idref="fl-26"/>
      </object_component>
      <object_component id="oc-11b">
         <name>.text.DL_ADC12_setSampleTime0</name>
         <load_address>0x9f4</load_address>
         <readonly>true</readonly>
         <executable>true</executable>
         <run_address>0x9f4</run_address>
         <size>0x18</size>
         <alignment>0x4</alignment>
         <input_file_ref idref="fl-26"/>
      </object_component>
      <object_component id="oc-100">
         <name>.text.DL_GPIO_enableOutput</name>
         <load_address>0xa0c</load_address>
         <readonly>true</readonly>
         <executable>true</executable>
         <run_address>0xa0c</run_address>
         <size>0x18</size>
         <alignment>0x4</alignment>
         <input_file_ref idref="fl-26"/>
      </object_component>
      <object_component id="oc-fa">
         <name>.text.DL_GPIO_enablePower</name>
         <load_address>0xa24</load_address>
         <readonly>true</readonly>
         <executable>true</executable>
         <run_address>0xa24</run_address>
         <size>0x18</size>
         <alignment>0x4</alignment>
         <input_file_ref idref="fl-26"/>
      </object_component>
      <object_component id="oc-fe">
         <name>.text.DL_GPIO_initDigitalOutput</name>
         <load_address>0xa3c</load_address>
         <readonly>true</readonly>
         <executable>true</executable>
         <run_address>0xa3c</run_address>
         <size>0x18</size>
         <alignment>0x4</alignment>
         <input_file_ref idref="fl-26"/>
      </object_component>
      <object_component id="oc-f7">
         <name>.text.DL_GPIO_reset</name>
         <load_address>0xa54</load_address>
         <readonly>true</readonly>
         <executable>true</executable>
         <run_address>0xa54</run_address>
         <size>0x18</size>
         <alignment>0x4</alignment>
         <input_file_ref idref="fl-26"/>
      </object_component>
      <object_component id="oc-13f">
         <name>.text.DL_GPIO_setPins</name>
         <load_address>0xa6c</load_address>
         <readonly>true</readonly>
         <executable>true</executable>
         <run_address>0xa6c</run_address>
         <size>0x18</size>
         <alignment>0x4</alignment>
         <input_file_ref idref="fl-1f"/>
      </object_component>
      <object_component id="oc-ff">
         <name>.text.DL_GPIO_setPins</name>
         <load_address>0xa84</load_address>
         <readonly>true</readonly>
         <executable>true</executable>
         <run_address>0xa84</run_address>
         <size>0x18</size>
         <alignment>0x4</alignment>
         <input_file_ref idref="fl-26"/>
      </object_component>
      <object_component id="oc-102">
         <name>.text.DL_SYSCTL_setBORThreshold</name>
         <load_address>0xa9c</load_address>
         <readonly>true</readonly>
         <executable>true</executable>
         <run_address>0xa9c</run_address>
         <size>0x18</size>
         <alignment>0x4</alignment>
         <input_file_ref idref="fl-26"/>
      </object_component>
      <object_component id="oc-fb">
         <name>.text.DL_UART_enablePower</name>
         <load_address>0xab4</load_address>
         <readonly>true</readonly>
         <executable>true</executable>
         <run_address>0xab4</run_address>
         <size>0x18</size>
         <alignment>0x4</alignment>
         <input_file_ref idref="fl-26"/>
      </object_component>
      <object_component id="oc-122">
         <name>.text.DL_UART_isTXFIFOEmpty</name>
         <load_address>0xacc</load_address>
         <readonly>true</readonly>
         <executable>true</executable>
         <run_address>0xacc</run_address>
         <size>0x18</size>
         <alignment>0x4</alignment>
         <input_file_ref idref="fl-21"/>
      </object_component>
      <object_component id="oc-f8">
         <name>.text.DL_UART_reset</name>
         <load_address>0xae4</load_address>
         <readonly>true</readonly>
         <executable>true</executable>
         <run_address>0xae4</run_address>
         <size>0x18</size>
         <alignment>0x4</alignment>
         <input_file_ref idref="fl-26"/>
      </object_component>
      <object_component id="oc-8c">
         <name>.text.SYSCFG_DL_init</name>
         <load_address>0xafc</load_address>
         <readonly>true</readonly>
         <executable>true</executable>
         <run_address>0xafc</run_address>
         <size>0x18</size>
         <alignment>0x2</alignment>
         <input_file_ref idref="fl-26"/>
      </object_component>
      <object_component id="oc-ae">
         <name>.text.DL_ADC12_enableConversions</name>
         <load_address>0xb14</load_address>
         <readonly>true</readonly>
         <executable>true</executable>
         <run_address>0xb14</run_address>
         <size>0x16</size>
         <alignment>0x2</alignment>
         <input_file_ref idref="fl-1"/>
      </object_component>
      <object_component id="oc-11e">
         <name>.text.DL_ADC12_enableConversions</name>
         <load_address>0xb2a</load_address>
         <readonly>true</readonly>
         <executable>true</executable>
         <run_address>0xb2a</run_address>
         <size>0x16</size>
         <alignment>0x2</alignment>
         <input_file_ref idref="fl-26"/>
      </object_component>
      <object_component id="oc-135">
         <name>.text.DL_UART_disable</name>
         <load_address>0xb40</load_address>
         <readonly>true</readonly>
         <executable>true</executable>
         <run_address>0xb40</run_address>
         <size>0x16</size>
         <alignment>0x2</alignment>
         <input_file_ref idref="fl-17"/>
      </object_component>
      <object_component id="oc-111">
         <name>.text.DL_UART_enable</name>
         <load_address>0xb56</load_address>
         <readonly>true</readonly>
         <executable>true</executable>
         <run_address>0xb56</run_address>
         <size>0x16</size>
         <alignment>0x2</alignment>
         <input_file_ref idref="fl-26"/>
      </object_component>
      <object_component id="oc-13d">
         <name>.text.analog_conv_disable_active_high</name>
         <load_address>0xb6c</load_address>
         <readonly>true</readonly>
         <executable>true</executable>
         <run_address>0xb6c</run_address>
         <size>0x16</size>
         <alignment>0x2</alignment>
         <input_file_ref idref="fl-1f"/>
      </object_component>
      <object_component id="oc-13c">
         <name>.text.analog_conv_enable_active_high</name>
         <load_address>0xb82</load_address>
         <readonly>true</readonly>
         <executable>true</executable>
         <run_address>0xb82</run_address>
         <size>0x16</size>
         <alignment>0x2</alignment>
         <input_file_ref idref="fl-1f"/>
      </object_component>
      <object_component id="oc-a6">
         <name>.text.enable_dummy_rail</name>
         <load_address>0xb98</load_address>
         <readonly>true</readonly>
         <executable>true</executable>
         <run_address>0xb98</run_address>
         <size>0x16</size>
         <alignment>0x2</alignment>
         <input_file_ref idref="fl-1"/>
      </object_component>
      <object_component id="oc-4c">
         <name>.text:decompress:ZI:__TI_zero_init_nomemset</name>
         <load_address>0xbae</load_address>
         <readonly>true</readonly>
         <executable>true</executable>
         <run_address>0xbae</run_address>
         <size>0x16</size>
         <alignment>0x2</alignment>
         <input_file_ref idref="fl-46"/>
      </object_component>
      <object_component id="oc-aa">
         <name>.text.DL_Common_delayCycles</name>
         <load_address>0xbc4</load_address>
         <readonly>true</readonly>
         <executable>true</executable>
         <run_address>0xbc4</run_address>
         <size>0x14</size>
         <alignment>0x2</alignment>
         <input_file_ref idref="fl-6"/>
      </object_component>
      <object_component id="oc-e6">
         <name>.text.DL_GPIO_clearPins</name>
         <load_address>0xbd8</load_address>
         <readonly>true</readonly>
         <executable>true</executable>
         <run_address>0xbd8</run_address>
         <size>0x14</size>
         <alignment>0x2</alignment>
         <input_file_ref idref="fl-1"/>
      </object_component>
      <object_component id="oc-140">
         <name>.text.DL_GPIO_clearPins</name>
         <load_address>0xbec</load_address>
         <readonly>true</readonly>
         <executable>true</executable>
         <run_address>0xbec</run_address>
         <size>0x14</size>
         <alignment>0x2</alignment>
         <input_file_ref idref="fl-1f"/>
      </object_component>
      <object_component id="oc-101">
         <name>.text.DL_GPIO_clearPins</name>
         <load_address>0xc00</load_address>
         <readonly>true</readonly>
         <executable>true</executable>
         <run_address>0xc00</run_address>
         <size>0x14</size>
         <alignment>0x2</alignment>
         <input_file_ref idref="fl-26"/>
      </object_component>
      <object_component id="oc-105">
         <name>.text.DL_SYSCTL_disableSYSPLL</name>
         <load_address>0xc14</load_address>
         <readonly>true</readonly>
         <executable>true</executable>
         <run_address>0xc14</run_address>
         <size>0x14</size>
         <alignment>0x4</alignment>
         <input_file_ref idref="fl-26"/>
      </object_component>
      <object_component id="oc-92">
         <name>.text.InitUART0</name>
         <load_address>0xc28</load_address>
         <readonly>true</readonly>
         <executable>true</executable>
         <run_address>0xc28</run_address>
         <size>0x14</size>
         <alignment>0x4</alignment>
         <input_file_ref idref="fl-1"/>
      </object_component>
      <object_component id="oc-5c">
         <name>.text.DL_ADC12_getPendingInterrupt</name>
         <load_address>0xc3c</load_address>
         <readonly>true</readonly>
         <executable>true</executable>
         <run_address>0xc3c</run_address>
         <size>0x12</size>
         <alignment>0x2</alignment>
         <input_file_ref idref="fl-1"/>
      </object_component>
      <object_component id="oc-66">
         <name>.text.DL_UART_getPendingInterrupt</name>
         <load_address>0xc4e</load_address>
         <readonly>true</readonly>
         <executable>true</executable>
         <run_address>0xc4e</run_address>
         <size>0x12</size>
         <alignment>0x2</alignment>
         <input_file_ref idref="fl-1"/>
      </object_component>
      <object_component id="oc-82">
         <name>.text:TI_memcpy_small</name>
         <load_address>0xc60</load_address>
         <readonly>true</readonly>
         <executable>true</executable>
         <run_address>0xc60</run_address>
         <size>0x12</size>
         <alignment>0x1</alignment>
         <input_file_ref idref="fl-b5"/>
      </object_component>
      <object_component id="oc-20">
         <name>.text:decompress:none</name>
         <load_address>0xc72</load_address>
         <readonly>true</readonly>
         <executable>true</executable>
         <run_address>0xc72</run_address>
         <size>0x12</size>
         <alignment>0x2</alignment>
         <input_file_ref idref="fl-47"/>
      </object_component>
      <object_component id="oc-104">
         <name>.text.DL_SYSCTL_disableHFXT</name>
         <load_address>0xc84</load_address>
         <readonly>true</readonly>
         <executable>true</executable>
         <run_address>0xc84</run_address>
         <size>0x10</size>
         <alignment>0x4</alignment>
         <input_file_ref idref="fl-26"/>
      </object_component>
      <object_component id="oc-95">
         <name>.text.InitADC0</name>
         <load_address>0xc94</load_address>
         <readonly>true</readonly>
         <executable>true</executable>
         <run_address>0xc94</run_address>
         <size>0x10</size>
         <alignment>0x4</alignment>
         <input_file_ref idref="fl-1"/>
      </object_component>
      <object_component id="oc-93">
         <name>.text.InitGPIOA</name>
         <load_address>0xca4</load_address>
         <readonly>true</readonly>
         <executable>true</executable>
         <run_address>0xca4</run_address>
         <size>0x10</size>
         <alignment>0x4</alignment>
         <input_file_ref idref="fl-1"/>
      </object_component>
      <object_component id="oc-94">
         <name>.text.InitGPIOB</name>
         <load_address>0xcb4</load_address>
         <readonly>true</readonly>
         <executable>true</executable>
         <run_address>0xcb4</run_address>
         <size>0x10</size>
         <alignment>0x4</alignment>
         <input_file_ref idref="fl-1"/>
      </object_component>
      <object_component id="oc-13b">
         <name>.text.get_voltage_by_ADC</name>
         <load_address>0xcc4</load_address>
         <readonly>true</readonly>
         <executable>true</executable>
         <run_address>0xcc4</run_address>
         <size>0xc</size>
         <alignment>0x2</alignment>
         <input_file_ref idref="fl-1f"/>
      </object_component>
      <object_component id="oc-45">
         <name>.text.__aeabi_memcpy</name>
         <load_address>0xcd0</load_address>
         <readonly>true</readonly>
         <executable>true</executable>
         <run_address>0xcd0</run_address>
         <size>0x8</size>
         <alignment>0x4</alignment>
         <input_file_ref idref="fl-b1"/>
      </object_component>
      <object_component id="oc-96">
         <name>.text.init_log_message</name>
         <load_address>0xcd8</load_address>
         <readonly>true</readonly>
         <executable>true</executable>
         <run_address>0xcd8</run_address>
         <size>0x8</size>
         <alignment>0x4</alignment>
         <input_file_ref idref="fl-24"/>
      </object_component>
      <object_component id="oc-33">
         <name>.text.Default_Handler</name>
         <load_address>0xce0</load_address>
         <readonly>true</readonly>
         <executable>true</executable>
         <run_address>0xce0</run_address>
         <size>0x4</size>
         <alignment>0x2</alignment>
         <input_file_ref idref="fl-2"/>
      </object_component>
      <object_component id="oc-2f">
         <name>.text.Reset_Handler</name>
         <load_address>0xce4</load_address>
         <readonly>true</readonly>
         <executable>true</executable>
         <run_address>0xce4</run_address>
         <size>0x4</size>
         <alignment>0x2</alignment>
         <input_file_ref idref="fl-2"/>
      </object_component>
      <object_component id="oc-71">
         <name>.text._system_pre_init</name>
         <load_address>0xce8</load_address>
         <readonly>true</readonly>
         <executable>true</executable>
         <run_address>0xce8</run_address>
         <size>0x4</size>
         <alignment>0x2</alignment>
         <input_file_ref idref="fl-44"/>
      </object_component>
      <object_component id="oc-b2">
         <name>.text:abort</name>
         <load_address>0xcec</load_address>
         <readonly>true</readonly>
         <executable>true</executable>
         <run_address>0xcec</run_address>
         <size>0x4</size>
         <alignment>0x2</alignment>
         <input_file_ref idref="fl-49"/>
      </object_component>
      <object_component id="oc-182">
         <name>.cinit..data.load</name>
         <load_address>0xd30</load_address>
         <readonly>true</readonly>
         <run_address>0xd30</run_address>
         <size>0x34</size>
         <alignment>0x1</alignment>
      </object_component>
      <object_component id="oc-180">
         <name>__TI_handler_table</name>
         <load_address>0xd64</load_address>
         <readonly>true</readonly>
         <run_address>0xd64</run_address>
         <size>0xc</size>
         <alignment>0x4</alignment>
      </object_component>
      <object_component id="oc-183">
         <name>.cinit..bss.load</name>
         <load_address>0xd70</load_address>
         <readonly>true</readonly>
         <run_address>0xd70</run_address>
         <size>0x8</size>
         <alignment>0x4</alignment>
      </object_component>
      <object_component id="oc-181">
         <name>__TI_cinit_table</name>
         <load_address>0xd78</load_address>
         <readonly>true</readonly>
         <run_address>0xd78</run_address>
         <size>0x10</size>
         <alignment>0x4</alignment>
      </object_component>
      <object_component id="oc-126">
         <name>.rodata.dc_1v2_constraints</name>
         <load_address>0xcf0</load_address>
         <readonly>true</readonly>
         <run_address>0xcf0</run_address>
         <size>0x18</size>
         <alignment>0x2</alignment>
         <input_file_ref idref="fl-20"/>
      </object_component>
      <object_component id="oc-127">
         <name>.rodata.dc_1v2_ops</name>
         <load_address>0xd08</load_address>
         <readonly>true</readonly>
         <run_address>0xd08</run_address>
         <size>0x10</size>
         <alignment>0x4</alignment>
         <input_file_ref idref="fl-20"/>
      </object_component>
      <object_component id="oc-113">
         <name>.rodata.gUART_0Config</name>
         <load_address>0xd18</load_address>
         <readonly>true</readonly>
         <run_address>0xd18</run_address>
         <size>0xa</size>
         <alignment>0x2</alignment>
         <input_file_ref idref="fl-26"/>
      </object_component>
      <object_component id="oc-112">
         <name>.rodata.gUART_0ClockConfig</name>
         <load_address>0xd22</load_address>
         <readonly>true</readonly>
         <run_address>0xd22</run_address>
         <size>0x2</size>
         <alignment>0x1</alignment>
         <input_file_ref idref="fl-26"/>
      </object_component>
      <object_component id="oc-11f">
         <name>.rodata.gADC12_0ClockConfig</name>
         <load_address>0xd24</load_address>
         <readonly>true</readonly>
         <run_address>0xd24</run_address>
         <size>0x8</size>
         <alignment>0x4</alignment>
         <input_file_ref idref="fl-26"/>
      </object_component>
      <object_component id="oc-125">
         <name>.rodata.dc_1v2_desc</name>
         <load_address>0xd2c</load_address>
         <readonly>true</readonly>
         <run_address>0xd2c</run_address>
         <size>0x4</size>
         <alignment>0x2</alignment>
         <input_file_ref idref="fl-20"/>
      </object_component>
      <object_component id="oc-14a">
         <name>.binit</name>
         <load_address>0x0</load_address>
         <readonly>true</readonly>
         <run_address>0x0</run_address>
         <size>0x0</size>
         <alignment>0x4</alignment>
      </object_component>
      <object_component id="oc-e1">
         <name>.data.dc_1v2</name>
         <load_address>0x20200080</load_address>
         <readwrite>true</readwrite>
         <run_address>0x20200080</run_address>
         <size>0x10</size>
         <alignment>0x4</alignment>
         <input_file_ref idref="fl-20"/>
      </object_component>
      <object_component id="oc-128">
         <name>.data.dc_1v2_monitor</name>
         <load_address>0x2020009c</load_address>
         <readwrite>true</readwrite>
         <run_address>0x2020009c</run_address>
         <size>0x8</size>
         <alignment>0x2</alignment>
         <input_file_ref idref="fl-20"/>
      </object_component>
      <object_component id="oc-d9">
         <name>.data.log_msg</name>
         <load_address>0x202000a4</load_address>
         <readwrite>true</readwrite>
         <run_address>0x202000a4</run_address>
         <size>0x8</size>
         <alignment>0x4</alignment>
         <input_file_ref idref="fl-24"/>
      </object_component>
      <object_component id="oc-120">
         <name>.data.msg</name>
         <load_address>0x20200090</load_address>
         <readwrite>true</readwrite>
         <run_address>0x20200090</run_address>
         <size>0xc</size>
         <alignment>0x4</alignment>
         <input_file_ref idref="fl-24"/>
      </object_component>
      <object_component id="oc-121">
         <name>.data.log</name>
         <load_address>0x202000ac</load_address>
         <readwrite>true</readwrite>
         <run_address>0x202000ac</run_address>
         <size>0x2</size>
         <alignment>0x1</alignment>
         <input_file_ref idref="fl-24"/>
      </object_component>
      <object_component id="oc-13a">
         <name>.data.log_buffer</name>
         <load_address>0x2020006c</load_address>
         <readwrite>true</readwrite>
         <run_address>0x2020006c</run_address>
         <size>0x14</size>
         <alignment>0x4</alignment>
         <input_file_ref idref="fl-24"/>
      </object_component>
      <object_component id="oc-5e">
         <name>.bss.gCheck</name>
         <uninitialized>true</uninitialized>
         <readwrite>true</readwrite>
         <run_address>0x20200058</run_address>
         <size>0x8</size>
         <alignment>0x4</alignment>
         <input_file_ref idref="fl-1"/>
      </object_component>
      <object_component id="oc-b0">
         <name>.bss.hgpiob</name>
         <uninitialized>true</uninitialized>
         <readwrite>true</readwrite>
         <run_address>0x20200068</run_address>
         <size>0x4</size>
         <alignment>0x4</alignment>
         <input_file_ref idref="fl-1"/>
      </object_component>
      <object_component id="oc-b1">
         <name>.bss.hgpioa</name>
         <uninitialized>true</uninitialized>
         <readwrite>true</readwrite>
         <run_address>0x20200064</run_address>
         <size>0x4</size>
         <alignment>0x4</alignment>
         <input_file_ref idref="fl-1"/>
      </object_component>
      <object_component id="oc-5d">
         <name>.bss.hadc0</name>
         <uninitialized>true</uninitialized>
         <readwrite>true</readwrite>
         <run_address>0x20200060</run_address>
         <size>0x4</size>
         <alignment>0x4</alignment>
         <input_file_ref idref="fl-1"/>
      </object_component>
      <object_component id="oc-67">
         <name>.common:huart0</name>
         <uninitialized>true</uninitialized>
         <readwrite>true</readwrite>
         <run_address>0x20200040</run_address>
         <size>0x18</size>
         <alignment>0x4</alignment>
      </object_component>
      <object_component id="oc-13e">
         <name>.common:log_array</name>
         <uninitialized>true</uninitialized>
         <readwrite>true</readwrite>
         <run_address>0x20200000</run_address>
         <size>0x40</size>
         <alignment>0x1</alignment>
      </object_component>
      <object_component id="oc-1a">
         <name>.stack</name>
         <uninitialized>true</uninitialized>
         <readwrite>true</readwrite>
         <run_address>0x20207e00</run_address>
         <size>0x4</size>
         <alignment>0x4</alignment>
         <input_file_ref idref="fl-41"/>
      </object_component>
      <object_component id="oc-185">
         <name>.stack</name>
         <uninitialized>true</uninitialized>
         <readwrite>true</readwrite>
         <run_address>0x20207e00</run_address>
         <size>0x0</size>
         <alignment>0x8</alignment>
      </object_component>
      <object_component id="oc-64">
         <name>.debug_abbrev</name>
         <load_address>0x0</load_address>
         <run_address>0x0</run_address>
         <size>0x222</size>
         <alignment>0x1</alignment>
         <input_file_ref idref="fl-1"/>
      </object_component>
      <object_component id="oc-3a">
         <name>.debug_abbrev</name>
         <load_address>0x222</load_address>
         <run_address>0x222</run_address>
         <size>0x6d</size>
         <alignment>0x1</alignment>
         <input_file_ref idref="fl-2"/>
      </object_component>
      <object_component id="oc-138">
         <name>.debug_abbrev</name>
         <load_address>0x28f</load_address>
         <run_address>0x28f</run_address>
         <size>0x121</size>
         <alignment>0x1</alignment>
         <input_file_ref idref="fl-3"/>
      </object_component>
      <object_component id="oc-e8">
         <name>.debug_abbrev</name>
         <load_address>0x3b0</load_address>
         <run_address>0x3b0</run_address>
         <size>0x62</size>
         <alignment>0x1</alignment>
         <input_file_ref idref="fl-6"/>
      </object_component>
      <object_component id="oc-133">
         <name>.debug_abbrev</name>
         <load_address>0x412</load_address>
         <run_address>0x412</run_address>
         <size>0x1a1</size>
         <alignment>0x1</alignment>
         <input_file_ref idref="fl-17"/>
      </object_component>
      <object_component id="oc-e4">
         <name>.debug_abbrev</name>
         <load_address>0x5b3</load_address>
         <run_address>0x5b3</run_address>
         <size>0x149</size>
         <alignment>0x1</alignment>
         <input_file_ref idref="fl-1f"/>
      </object_component>
      <object_component id="oc-e2">
         <name>.debug_abbrev</name>
         <load_address>0x6fc</load_address>
         <run_address>0x6fc</run_address>
         <size>0xef</size>
         <alignment>0x1</alignment>
         <input_file_ref idref="fl-20"/>
      </object_component>
      <object_component id="oc-123">
         <name>.debug_abbrev</name>
         <load_address>0x7eb</load_address>
         <run_address>0x7eb</run_address>
         <size>0x137</size>
         <alignment>0x1</alignment>
         <input_file_ref idref="fl-21"/>
      </object_component>
      <object_component id="oc-80">
         <name>.debug_abbrev</name>
         <load_address>0x922</load_address>
         <run_address>0x922</run_address>
         <size>0xd6</size>
         <alignment>0x1</alignment>
         <input_file_ref idref="fl-22"/>
      </object_component>
      <object_component id="oc-da">
         <name>.debug_abbrev</name>
         <load_address>0x9f8</load_address>
         <run_address>0x9f8</run_address>
         <size>0x10f</size>
         <alignment>0x1</alignment>
         <input_file_ref idref="fl-24"/>
      </object_component>
      <object_component id="oc-d7">
         <name>.debug_abbrev</name>
         <load_address>0xb07</load_address>
         <run_address>0xb07</run_address>
         <size>0x1a6</size>
         <alignment>0x1</alignment>
         <input_file_ref idref="fl-26"/>
      </object_component>
      <object_component id="oc-3c">
         <name>.debug_abbrev</name>
         <load_address>0xcad</load_address>
         <run_address>0xcad</run_address>
         <size>0xaf</size>
         <alignment>0x1</alignment>
         <input_file_ref idref="fl-41"/>
      </object_component>
      <object_component id="oc-f0">
         <name>.debug_abbrev</name>
         <load_address>0xd5c</load_address>
         <run_address>0xd5c</run_address>
         <size>0x186</size>
         <alignment>0x1</alignment>
         <input_file_ref idref="fl-43"/>
      </object_component>
      <object_component id="oc-8a">
         <name>.debug_abbrev</name>
         <load_address>0xee2</load_address>
         <run_address>0xee2</run_address>
         <size>0x39</size>
         <alignment>0x1</alignment>
         <input_file_ref idref="fl-44"/>
      </object_component>
      <object_component id="oc-6a">
         <name>.debug_abbrev</name>
         <load_address>0xf1b</load_address>
         <run_address>0xf1b</run_address>
         <size>0xc2</size>
         <alignment>0x1</alignment>
         <input_file_ref idref="fl-46"/>
      </object_component>
      <object_component id="oc-49">
         <name>.debug_abbrev</name>
         <load_address>0xfdd</load_address>
         <run_address>0xfdd</run_address>
         <size>0x70</size>
         <alignment>0x1</alignment>
         <input_file_ref idref="fl-47"/>
      </object_component>
      <object_component id="oc-41">
         <name>.debug_abbrev</name>
         <load_address>0x104d</load_address>
         <run_address>0x104d</run_address>
         <size>0x8d</size>
         <alignment>0x1</alignment>
         <input_file_ref idref="fl-48"/>
      </object_component>
      <object_component id="oc-ea">
         <name>.debug_abbrev</name>
         <load_address>0x10da</load_address>
         <run_address>0x10da</run_address>
         <size>0xb3</size>
         <alignment>0x1</alignment>
         <input_file_ref idref="fl-49"/>
      </object_component>
      <object_component id="oc-69">
         <name>.debug_abbrev</name>
         <load_address>0x118d</load_address>
         <run_address>0x118d</run_address>
         <size>0x27</size>
         <alignment>0x1</alignment>
         <input_file_ref idref="fl-b1"/>
      </object_component>
      <object_component id="oc-cb">
         <name>.debug_abbrev</name>
         <load_address>0x11b4</load_address>
         <run_address>0x11b4</run_address>
         <size>0x25</size>
         <alignment>0x1</alignment>
         <input_file_ref idref="fl-b5"/>
      </object_component>
      <object_component id="oc-187">
         <name>.debug_abbrev</name>
         <load_address>0x11d9</load_address>
         <run_address>0x11d9</run_address>
         <size>0xf</size>
         <alignment>0x0</alignment>
      </object_component>
      <object_component id="oc-36">
         <name>.debug_info</name>
         <load_address>0x0</load_address>
         <run_address>0x0</run_address>
         <size>0x1b9d</size>
         <alignment>0x1</alignment>
         <input_file_ref idref="fl-1"/>
      </object_component>
      <object_component id="oc-19">
         <name>.debug_info</name>
         <load_address>0x1b9d</load_address>
         <run_address>0x1b9d</run_address>
         <size>0x80</size>
         <alignment>0x1</alignment>
         <input_file_ref idref="fl-2"/>
      </object_component>
      <object_component id="oc-115">
         <name>.debug_info</name>
         <load_address>0x1c1d</load_address>
         <run_address>0x1c1d</run_address>
         <size>0x6ff</size>
         <alignment>0x1</alignment>
         <input_file_ref idref="fl-3"/>
      </object_component>
      <object_component id="oc-ab">
         <name>.debug_info</name>
         <load_address>0x231c</load_address>
         <run_address>0x231c</run_address>
         <size>0x75</size>
         <alignment>0x1</alignment>
         <input_file_ref idref="fl-6"/>
      </object_component>
      <object_component id="oc-10c">
         <name>.debug_info</name>
         <load_address>0x2391</load_address>
         <run_address>0x2391</run_address>
         <size>0x100f</size>
         <alignment>0x1</alignment>
         <input_file_ref idref="fl-17"/>
      </object_component>
      <object_component id="oc-a4">
         <name>.debug_info</name>
         <load_address>0x33a0</load_address>
         <run_address>0x33a0</run_address>
         <size>0xb41</size>
         <alignment>0x1</alignment>
         <input_file_ref idref="fl-1f"/>
      </object_component>
      <object_component id="oc-9d">
         <name>.debug_info</name>
         <load_address>0x3ee1</load_address>
         <run_address>0x3ee1</run_address>
         <size>0x974</size>
         <alignment>0x1</alignment>
         <input_file_ref idref="fl-20"/>
      </object_component>
      <object_component id="oc-e0">
         <name>.debug_info</name>
         <load_address>0x4855</load_address>
         <run_address>0x4855</run_address>
         <size>0x67f</size>
         <alignment>0x1</alignment>
         <input_file_ref idref="fl-21"/>
      </object_component>
      <object_component id="oc-63">
         <name>.debug_info</name>
         <load_address>0x4ed4</load_address>
         <run_address>0x4ed4</run_address>
         <size>0x122</size>
         <alignment>0x1</alignment>
         <input_file_ref idref="fl-22"/>
      </object_component>
      <object_component id="oc-97">
         <name>.debug_info</name>
         <load_address>0x4ff6</load_address>
         <run_address>0x4ff6</run_address>
         <size>0x2c4</size>
         <alignment>0x1</alignment>
         <input_file_ref idref="fl-24"/>
      </object_component>
      <object_component id="oc-90">
         <name>.debug_info</name>
         <load_address>0x52ba</load_address>
         <run_address>0x52ba</run_address>
         <size>0x317e</size>
         <alignment>0x1</alignment>
         <input_file_ref idref="fl-26"/>
      </object_component>
      <object_component id="oc-1b">
         <name>.debug_info</name>
         <load_address>0x8438</load_address>
         <run_address>0x8438</run_address>
         <size>0x423</size>
         <alignment>0x1</alignment>
         <input_file_ref idref="fl-41"/>
      </object_component>
      <object_component id="oc-ba">
         <name>.debug_info</name>
         <load_address>0x885b</load_address>
         <run_address>0x885b</run_address>
         <size>0x74a</size>
         <alignment>0x1</alignment>
         <input_file_ref idref="fl-43"/>
      </object_component>
      <object_component id="oc-72">
         <name>.debug_info</name>
         <load_address>0x8fa5</load_address>
         <run_address>0x8fa5</run_address>
         <size>0x46</size>
         <alignment>0x1</alignment>
         <input_file_ref idref="fl-44"/>
      </object_component>
      <object_component id="oc-4d">
         <name>.debug_info</name>
         <load_address>0x8feb</load_address>
         <run_address>0x8feb</run_address>
         <size>0x192</size>
         <alignment>0x1</alignment>
         <input_file_ref idref="fl-46"/>
      </object_component>
      <object_component id="oc-23">
         <name>.debug_info</name>
         <load_address>0x917d</load_address>
         <run_address>0x917d</run_address>
         <size>0xc6</size>
         <alignment>0x1</alignment>
         <input_file_ref idref="fl-47"/>
      </object_component>
      <object_component id="oc-1d">
         <name>.debug_info</name>
         <load_address>0x9243</load_address>
         <run_address>0x9243</run_address>
         <size>0x180</size>
         <alignment>0x1</alignment>
         <input_file_ref idref="fl-48"/>
      </object_component>
      <object_component id="oc-b6">
         <name>.debug_info</name>
         <load_address>0x93c3</load_address>
         <run_address>0x93c3</run_address>
         <size>0xed</size>
         <alignment>0x1</alignment>
         <input_file_ref idref="fl-49"/>
      </object_component>
      <object_component id="oc-48">
         <name>.debug_info</name>
         <load_address>0x94b0</load_address>
         <run_address>0x94b0</run_address>
         <size>0x19e</size>
         <alignment>0x1</alignment>
         <input_file_ref idref="fl-b1"/>
      </object_component>
      <object_component id="oc-84">
         <name>.debug_info</name>
         <load_address>0x964e</load_address>
         <run_address>0x964e</run_address>
         <size>0x2fa</size>
         <alignment>0x1</alignment>
         <input_file_ref idref="fl-b5"/>
      </object_component>
      <object_component id="oc-186">
         <name>.debug_info</name>
         <load_address>0x9948</load_address>
         <run_address>0x9948</run_address>
         <size>0xc6</size>
         <alignment>0x0</alignment>
      </object_component>
      <object_component id="oc-35">
         <name>.debug_ranges</name>
         <load_address>0x0</load_address>
         <run_address>0x0</run_address>
         <size>0x88</size>
         <alignment>0x1</alignment>
         <input_file_ref idref="fl-1"/>
      </object_component>
      <object_component id="oc-31">
         <name>.debug_ranges</name>
         <load_address>0x88</load_address>
         <run_address>0x88</run_address>
         <size>0x18</size>
         <alignment>0x1</alignment>
         <input_file_ref idref="fl-2"/>
      </object_component>
      <object_component id="oc-116">
         <name>.debug_ranges</name>
         <load_address>0xa0</load_address>
         <run_address>0xa0</run_address>
         <size>0x20</size>
         <alignment>0x1</alignment>
         <input_file_ref idref="fl-3"/>
      </object_component>
      <object_component id="oc-10a">
         <name>.debug_ranges</name>
         <load_address>0xc0</load_address>
         <run_address>0xc0</run_address>
         <size>0xd0</size>
         <alignment>0x1</alignment>
         <input_file_ref idref="fl-17"/>
      </object_component>
      <object_component id="oc-a3">
         <name>.debug_ranges</name>
         <load_address>0x190</load_address>
         <run_address>0x190</run_address>
         <size>0x58</size>
         <alignment>0x1</alignment>
         <input_file_ref idref="fl-1f"/>
      </object_component>
      <object_component id="oc-dd">
         <name>.debug_ranges</name>
         <load_address>0x1e8</load_address>
         <run_address>0x1e8</run_address>
         <size>0x18</size>
         <alignment>0x1</alignment>
         <input_file_ref idref="fl-21"/>
      </object_component>
      <object_component id="oc-61">
         <name>.debug_ranges</name>
         <load_address>0x200</load_address>
         <run_address>0x200</run_address>
         <size>0x20</size>
         <alignment>0x1</alignment>
         <input_file_ref idref="fl-22"/>
      </object_component>
      <object_component id="oc-98">
         <name>.debug_ranges</name>
         <load_address>0x220</load_address>
         <run_address>0x220</run_address>
         <size>0x18</size>
         <alignment>0x1</alignment>
         <input_file_ref idref="fl-24"/>
      </object_component>
      <object_component id="oc-8d">
         <name>.debug_ranges</name>
         <load_address>0x238</load_address>
         <run_address>0x238</run_address>
         <size>0x118</size>
         <alignment>0x1</alignment>
         <input_file_ref idref="fl-26"/>
      </object_component>
      <object_component id="oc-3f">
         <name>.debug_ranges</name>
         <load_address>0x350</load_address>
         <run_address>0x350</run_address>
         <size>0x48</size>
         <alignment>0x1</alignment>
         <input_file_ref idref="fl-41"/>
      </object_component>
      <object_component id="oc-bc">
         <name>.debug_ranges</name>
         <load_address>0x398</load_address>
         <run_address>0x398</run_address>
         <size>0xa8</size>
         <alignment>0x1</alignment>
         <input_file_ref idref="fl-43"/>
      </object_component>
      <object_component id="oc-50">
         <name>.debug_ranges</name>
         <load_address>0x440</load_address>
         <run_address>0x440</run_address>
         <size>0x18</size>
         <alignment>0x1</alignment>
         <input_file_ref idref="fl-46"/>
      </object_component>
      <object_component id="oc-44">
         <name>.debug_ranges</name>
         <load_address>0x458</load_address>
         <run_address>0x458</run_address>
         <size>0x30</size>
         <alignment>0x1</alignment>
         <input_file_ref idref="fl-48"/>
      </object_component>
      <object_component id="oc-b4">
         <name>.debug_ranges</name>
         <load_address>0x488</load_address>
         <run_address>0x488</run_address>
         <size>0x18</size>
         <alignment>0x1</alignment>
         <input_file_ref idref="fl-49"/>
      </object_component>
      <object_component id="oc-83">
         <name>.debug_ranges</name>
         <load_address>0x4a0</load_address>
         <run_address>0x4a0</run_address>
         <size>0x28</size>
         <alignment>0x1</alignment>
         <input_file_ref idref="fl-b5"/>
      </object_component>
      <object_component id="oc-65">
         <name>.debug_str</name>
         <load_address>0x0</load_address>
         <run_address>0x0</run_address>
         <size>0x14ad</size>
         <alignment>0x1</alignment>
         <input_file_ref idref="fl-1"/>
      </object_component>
      <object_component id="oc-3b">
         <name>.debug_str</name>
         <load_address>0x14ad</load_address>
         <run_address>0x14ad</run_address>
         <size>0x15b</size>
         <alignment>0x1</alignment>
         <input_file_ref idref="fl-2"/>
      </object_component>
      <object_component id="oc-139">
         <name>.debug_str</name>
         <load_address>0x1608</load_address>
         <run_address>0x1608</run_address>
         <size>0x5ee</size>
         <alignment>0x1</alignment>
         <input_file_ref idref="fl-3"/>
      </object_component>
      <object_component id="oc-e9">
         <name>.debug_str</name>
         <load_address>0x1bf6</load_address>
         <run_address>0x1bf6</run_address>
         <size>0x12a</size>
         <alignment>0x1</alignment>
         <input_file_ref idref="fl-6"/>
      </object_component>
      <object_component id="oc-134">
         <name>.debug_str</name>
         <load_address>0x1d20</load_address>
         <run_address>0x1d20</run_address>
         <size>0xca0</size>
         <alignment>0x1</alignment>
         <input_file_ref idref="fl-17"/>
      </object_component>
      <object_component id="oc-e5">
         <name>.debug_str</name>
         <load_address>0x29c0</load_address>
         <run_address>0x29c0</run_address>
         <size>0x7d4</size>
         <alignment>0x1</alignment>
         <input_file_ref idref="fl-1f"/>
      </object_component>
      <object_component id="oc-e3">
         <name>.debug_str</name>
         <load_address>0x3194</load_address>
         <run_address>0x3194</run_address>
         <size>0x701</size>
         <alignment>0x1</alignment>
         <input_file_ref idref="fl-20"/>
      </object_component>
      <object_component id="oc-124">
         <name>.debug_str</name>
         <load_address>0x3895</load_address>
         <run_address>0x3895</run_address>
         <size>0x46b</size>
         <alignment>0x1</alignment>
         <input_file_ref idref="fl-21"/>
      </object_component>
      <object_component id="oc-81">
         <name>.debug_str</name>
         <load_address>0x3d00</load_address>
         <run_address>0x3d00</run_address>
         <size>0x17a</size>
         <alignment>0x1</alignment>
         <input_file_ref idref="fl-22"/>
      </object_component>
      <object_component id="oc-db">
         <name>.debug_str</name>
         <load_address>0x3e7a</load_address>
         <run_address>0x3e7a</run_address>
         <size>0x309</size>
         <alignment>0x1</alignment>
         <input_file_ref idref="fl-24"/>
      </object_component>
      <object_component id="oc-d8">
         <name>.debug_str</name>
         <load_address>0x4183</load_address>
         <run_address>0x4183</run_address>
         <size>0x2186</size>
         <alignment>0x1</alignment>
         <input_file_ref idref="fl-26"/>
      </object_component>
      <object_component id="oc-3d">
         <name>.debug_str</name>
         <load_address>0x6309</load_address>
         <run_address>0x6309</run_address>
         <size>0x225</size>
         <alignment>0x1</alignment>
         <input_file_ref idref="fl-41"/>
      </object_component>
      <object_component id="oc-f1">
         <name>.debug_str</name>
         <load_address>0x652e</load_address>
         <run_address>0x652e</run_address>
         <size>0x32f</size>
         <alignment>0x1</alignment>
         <input_file_ref idref="fl-43"/>
      </object_component>
      <object_component id="oc-8b">
         <name>.debug_str</name>
         <load_address>0x685d</load_address>
         <run_address>0x685d</run_address>
         <size>0xf5</size>
         <alignment>0x1</alignment>
         <input_file_ref idref="fl-44"/>
      </object_component>
      <object_component id="oc-6b">
         <name>.debug_str</name>
         <load_address>0x6952</load_address>
         <run_address>0x6952</run_address>
         <size>0x19b</size>
         <alignment>0x1</alignment>
         <input_file_ref idref="fl-46"/>
      </object_component>
      <object_component id="oc-4a">
         <name>.debug_str</name>
         <load_address>0x6aed</load_address>
         <run_address>0x6aed</run_address>
         <size>0x168</size>
         <alignment>0x1</alignment>
         <input_file_ref idref="fl-47"/>
      </object_component>
      <object_component id="oc-42">
         <name>.debug_str</name>
         <load_address>0x6c55</load_address>
         <run_address>0x6c55</run_address>
         <size>0x1d5</size>
         <alignment>0x1</alignment>
         <input_file_ref idref="fl-48"/>
      </object_component>
      <object_component id="oc-eb">
         <name>.debug_str</name>
         <load_address>0x6e2a</load_address>
         <run_address>0x6e2a</run_address>
         <size>0x13f</size>
         <alignment>0x1</alignment>
         <input_file_ref idref="fl-49"/>
      </object_component>
      <object_component id="oc-37">
         <name>.debug_frame</name>
         <load_address>0x0</load_address>
         <run_address>0x0</run_address>
         <size>0x160</size>
         <alignment>0x4</alignment>
         <input_file_ref idref="fl-1"/>
      </object_component>
      <object_component id="oc-30">
         <name>.debug_frame</name>
         <load_address>0x160</load_address>
         <run_address>0x160</run_address>
         <size>0x30</size>
         <alignment>0x4</alignment>
         <input_file_ref idref="fl-2"/>
      </object_component>
      <object_component id="oc-118">
         <name>.debug_frame</name>
         <load_address>0x190</load_address>
         <run_address>0x190</run_address>
         <size>0x54</size>
         <alignment>0x4</alignment>
         <input_file_ref idref="fl-3"/>
      </object_component>
      <object_component id="oc-ac">
         <name>.debug_frame</name>
         <load_address>0x1e4</load_address>
         <run_address>0x1e4</run_address>
         <size>0x24</size>
         <alignment>0x4</alignment>
         <input_file_ref idref="fl-6"/>
      </object_component>
      <object_component id="oc-10b">
         <name>.debug_frame</name>
         <load_address>0x208</load_address>
         <run_address>0x208</run_address>
         <size>0x274</size>
         <alignment>0x4</alignment>
         <input_file_ref idref="fl-17"/>
      </object_component>
      <object_component id="oc-a2">
         <name>.debug_frame</name>
         <load_address>0x47c</load_address>
         <run_address>0x47c</run_address>
         <size>0x108</size>
         <alignment>0x4</alignment>
         <input_file_ref idref="fl-1f"/>
      </object_component>
      <object_component id="oc-9f">
         <name>.debug_frame</name>
         <load_address>0x584</load_address>
         <run_address>0x584</run_address>
         <size>0x20</size>
         <alignment>0x4</alignment>
         <input_file_ref idref="fl-20"/>
      </object_component>
      <object_component id="oc-de">
         <name>.debug_frame</name>
         <load_address>0x5a4</load_address>
         <run_address>0x5a4</run_address>
         <size>0x40</size>
         <alignment>0x4</alignment>
         <input_file_ref idref="fl-21"/>
      </object_component>
      <object_component id="oc-62">
         <name>.debug_frame</name>
         <load_address>0x5e4</load_address>
         <run_address>0x5e4</run_address>
         <size>0x54</size>
         <alignment>0x4</alignment>
         <input_file_ref idref="fl-22"/>
      </object_component>
      <object_component id="oc-9a">
         <name>.debug_frame</name>
         <load_address>0x638</load_address>
         <run_address>0x638</run_address>
         <size>0x3c</size>
         <alignment>0x4</alignment>
         <input_file_ref idref="fl-24"/>
      </object_component>
      <object_component id="oc-8f">
         <name>.debug_frame</name>
         <load_address>0x674</load_address>
         <run_address>0x674</run_address>
         <size>0x314</size>
         <alignment>0x4</alignment>
         <input_file_ref idref="fl-26"/>
      </object_component>
      <object_component id="oc-54">
         <name>.debug_frame</name>
         <load_address>0x988</load_address>
         <run_address>0x988</run_address>
         <size>0x90</size>
         <alignment>0x4</alignment>
         <input_file_ref idref="fl-41"/>
      </object_component>
      <object_component id="oc-bb">
         <name>.debug_frame</name>
         <load_address>0xa18</load_address>
[...]
            <logical_group_ref idref="lg-5"/>
         </contents>
      </load_segment>
      <load_segment id="lg-18b" display="no" color="cyan">
         <name>SEGMENT_1</name>
         <run_address>0x20200000</run_address>
         <size>0xae</size>
         <flags>0x6</flags>
         <contents>
            <logical_group_ref idref="lg-f"/>
            <logical_group_ref idref="lg-e"/>
         </contents>
      </load_segment>
      <load_segment id="lg-18c" display="no" color="cyan">
         <name>SEGMENT_2</name>
         <run_address>0x20207e00</run_address>
         <size>0x200</size>
         <flags>0x6</flags>
         <contents>
            <logical_group_ref idref="lg-11"/>
         </contents>
      </load_segment>
   </logical_group_list>
   <placement_map>
      <memory_area display="yes" color="green">
         <name>FLASH</name>
         <page_id>0x0</page_id>
         <origin>0x0</origin>
         <length>0x20000</length>
         <used_space>0xd88</used_space>
         <unused_space>0x1f278</unused_space>
         <attributes>RX</attributes>
         <usage_details>
            <allocated_space>
               <start_address>0x0</start_address>
               <size>0x0</size>
               <logical_group_ref idref="lg-a"/>
            </allocated_space>
            <allocated_space>
               <start_address>0x0</start_address>
               <size>0xc0</size>
               <logical_group_ref idref="lg-2"/>
            </allocated_space>
            <allocated_space>
               <start_address>0xc0</start_address>
               <size>0xc30</size>
               <logical_group_ref idref="lg-3"/>
            </allocated_space>
            <allocated_space>
               <start_address>0xcf0</start_address>
               <size>0x40</size>
               <logical_group_ref idref="lg-7"/>
            </allocated_space>
            <allocated_space>
               <start_address>0xd30</start_address>
               <size>0x58</size>
               <logical_group_ref idref="lg-5"/>
            </allocated_space>
            <available_space>
               <start_address>0xd88</start_address>
               <size>0x1f278</size>
            </available_space>
         </usage_details>
      </memory_area>
      <memory_area display="yes" color="green">
         <name>SRAM</name>
         <page_id>0x0</page_id>
         <origin>0x20200000</origin>
         <length>0x8000</length>
         <used_space>0x2ae</used_space>
         <unused_space>0x7d52</unused_space>
         <attributes>RWX</attributes>
         <usage_details>
            <allocated_space>
               <start_address>0x20200000</start_address>
               <size>0x0</size>
               <logical_group_ref idref="lg-146"/>
            </allocated_space>
            <allocated_space>
               <start_address>0x20200000</start_address>
               <size>0x0</size>
               <logical_group_ref idref="lg-148"/>
            </allocated_space>
            <allocated_space>
               <start_address>0x20200000</start_address>
               <size>0x6c</size>
               <logical_group_ref idref="lg-f"/>
            </allocated_space>
            <allocated_space>
               <start_address>0x2020006c</start_address>
               <size>0x42</size>
               <logical_group_ref idref="lg-e"/>
            </allocated_space>
            <available_space>
               <start_address>0x202000ae</start_address>
               <size>0x7d52</size>
            </available_space>
            <allocated_space>
               <start_address>0x20207e00</start_address>
               <size>0x200</size>
               <logical_group_ref idref="lg-11"/>
            </allocated_space>
         </usage_details>
      </memory_area>
      <memory_area display="yes" color="green">
         <name>BCR_CONFIG</name>
         <page_id>0x0</page_id>
         <origin>0x41c00000</origin>
         <length>0x80</length>
         <used_space>0x0</used_space>
         <unused_space>0x80</unused_space>
         <attributes>R</attributes>
         <usage_details>
         </usage_details>
      </memory_area>
      <memory_area display="yes" color="green">
         <name>BSL_CONFIG</name>
         <page_id>0x0</page_id>
         <origin>0x41c00100</origin>
         <length>0x80</length>
         <used_space>0x0</used_space>
         <unused_space>0x80</unused_space>
         <attributes>R</attributes>
         <usage_details>
         </usage_details>
      </memory_area>
   </placement_map>
   <cptbl_list>
      <cptbl>
         <name>__TI_cinit_table</name>
         <cprec>
            <name>.data</name>
            <load_address>0xd30</load_address>
            <load_size>0x34</load_size>
            <run_address>0x2020006c</run_address>
            <run_size>0x42</run_size>
            <compression>lzss</compression>
         </cprec>
         <cprec>
            <name>.bss</name>
            <load_address>0xd70</load_address>
            <load_size>0x8</load_size>
            <run_address>0x20200000</run_address>
            <run_size>0x6c</run_size>
            <compression>zero_init</compression>
         </cprec>
      </cptbl>
   </cptbl_list>
   <handler_table>
      <handler_table_name>__TI_handler_table</handler_table_name>
      <handler>
         <index>0x0</index>
         <name>__TI_decompress_lzss</name>
      </handler>
      <handler>
         <index>0x1</index>
         <name>__TI_decompress_none</name>
      </handler>
      <handler>
         <index>0x2</index>
         <name>__TI_zero_init</name>
      </handler>
   </handler_table>
   <symbol_table>
      <symbol id="sm-1">
         <name>__start___llvm_prf_cnts</name>
         <value>0x20200000</value>
      </symbol>
      <symbol id="sm-2">
         <name>__stop___llvm_prf_cnts</name>
         <value>0x20200000</value>
      </symbol>
      <symbol id="sm-3">
         <name>__start___llvm_prf_bits</name>
         <value>0x20200000</value>
      </symbol>
      <symbol id="sm-4">
         <name>__stop___llvm_prf_bits</name>
         <value>0x20200000</value>
      </symbol>
      <symbol id="sm-5">
         <name>__TI_CINIT_Base</name>
         <value>0xd78</value>
      </symbol>
      <symbol id="sm-6">
         <name>__TI_CINIT_Limit</name>
         <value>0xd88</value>
      </symbol>
      <symbol id="sm-7">
         <name>__TI_CINIT_Warm</name>
         <value>0xd88</value>
      </symbol>
      <symbol id="sm-8">
         <name>__TI_Handler_Table_Base</name>
         <value>0xd64</value>
      </symbol>
      <symbol id="sm-9">
         <name>__TI_Handler_Table_Limit</name>
         <value>0xd70</value>
      </symbol>
      <symbol id="sm-a">
         <name>binit</name>
         <value>0xffffffff</value>
      </symbol>
      <symbol id="sm-b">
         <name>__binit__</name>
         <value>0xffffffff</value>
      </symbol>
      <symbol id="sm-c">
         <name>__STACK_SIZE</name>
         <value>0x200</value>
      </symbol>
      <symbol id="sm-d">
         <name>__STACK_END</name>
         <value>0x20208000</value>
      </symbol>
      <symbol id="sm-e">
         <name>__TI_pprof_out_hndl</name>
         <value>0xffffffff</value>
      </symbol>
      <symbol id="sm-f">
         <name>__TI_prof_data_start</name>
         <value>0xffffffff</value>
      </symbol>
      <symbol id="sm-10">
         <name>__TI_prof_data_size</name>
         <value>0xffffffff</value>
      </symbol>
      <symbol id="sm-79">
         <name>main</name>
         <value>0xc1</value>
         <object_component_ref idref="oc-75"/>
      </symbol>
      <symbol id="sm-7a">
         <name>huart0</name>
         <value>0x20200040</value>
      </symbol>
      <symbol id="sm-7b">
         <name>ADC0_IRQHandler</name>
         <value>0x661</value>
         <object_component_ref idref="oc-34"/>
      </symbol>
      <symbol id="sm-7c">
         <name>UART0_IRQHandler</name>
         <value>0x6c1</value>
         <object_component_ref idref="oc-39"/>
      </symbol>
      <symbol id="sm-87">
         <name>Default_Handler</name>
         <value>0xce1</value>
         <object_component_ref idref="oc-33"/>
      </symbol>
      <symbol id="sm-88">
         <name>Reset_Handler</name>
         <value>0xce5</value>
         <object_component_ref idref="oc-2f"/>
      </symbol>
      <symbol id="sm-89">
         <name>interruptVectors</name>
         <value>0x0</value>
         <object_component_ref idref="oc-18"/>
      </symbol>
      <symbol id="sm-8a">
         <name>NMI_Handler</name>
         <value>0xce1</value>
         <object_component_ref idref="oc-33"/>
      </symbol>
      <symbol id="sm-8b">
         <name>HardFault_Handler</name>
         <value>0xce1</value>
         <object_component_ref idref="oc-33"/>
      </symbol>
      <symbol id="sm-8c">
         <name>SVC_Handler</name>
         <value>0xce1</value>
         <object_component_ref idref="oc-33"/>
      </symbol>
      <symbol id="sm-8d">
         <name>PendSV_Handler</name>
         <value>0xce1</value>
         <object_component_ref idref="oc-33"/>
      </symbol>
      <symbol id="sm-8e">
         <name>SysTick_Handler</name>
         <value>0xce1</value>
         <object_component_ref idref="oc-33"/>
      </symbol>
      <symbol id="sm-8f">
         <name>GROUP0_IRQHandler</name>
         <value>0xce1</value>
         <object_component_ref idref="oc-33"/>
      </symbol>
      <symbol id="sm-90">
         <name>GROUP1_IRQHandler</name>
         <value>0xce1</value>
         <object_component_ref idref="oc-33"/>
      </symbol>
      <symbol id="sm-91">
         <name>TIMG8_IRQHandler</name>
         <value>0xce1</value>
         <object_component_ref idref="oc-33"/>
      </symbol>
      <symbol id="sm-92">
         <name>UART3_IRQHandler</name>
         <value>0xce1</value>
         <object_component_ref idref="oc-33"/>
      </symbol>
      <symbol id="sm-93">
         <name>ADC1_IRQHandler</name>
         <value>0xce1</value>
         <object_component_ref idref="oc-33"/>
      </symbol>
      <symbol id="sm-94">
         <name>CANFD0_IRQHandler</name>
         <value>0xce1</value>
         <object_component_ref idref="oc-33"/>
      </symbol>
      <symbol id="sm-95">
         <name>DAC0_IRQHandler</name>
         <value>0xce1</value>
         <object_component_ref idref="oc-33"/>
      </symbol>
      <symbol id="sm-96">
         <name>SPI0_IRQHandler</name>
         <value>0xce1</value>
         <object_component_ref idref="oc-33"/>
      </symbol>
      <symbol id="sm-97">
         <name>SPI1_IRQHandler</name>
         <value>0xce1</value>
         <object_component_ref idref="oc-33"/>
      </symbol>
      <symbol id="sm-98">
         <name>UART1_IRQHandler</name>
         <value>0xce1</value>
         <object_component_ref idref="oc-33"/>
      </symbol>
      <symbol id="sm-99">
         <name>UART2_IRQHandler</name>
         <value>0xce1</value>
         <object_component_ref idref="oc-33"/>
      </symbol>
      <symbol id="sm-9a">
         <name>TIMG0_IRQHandler</name>
         <value>0xce1</value>
         <object_component_ref idref="oc-33"/>
      </symbol>
      <symbol id="sm-9b">
         <name>TIMG6_IRQHandler</name>
         <value>0xce1</value>
         <object_component_ref idref="oc-33"/>
      </symbol>
      <symbol id="sm-9c">
         <name>TIMA0_IRQHandler</name>
         <value>0xce1</value>
         <object_component_ref idref="oc-33"/>
      </symbol>
      <symbol id="sm-9d">
         <name>TIMA1_IRQHandler</name>
         <value>0xce1</value>
         <object_component_ref idref="oc-33"/>
      </symbol>
      <symbol id="sm-9e">
         <name>TIMG7_IRQHandler</name>
         <value>0xce1</value>
         <object_component_ref idref="oc-33"/>
      </symbol>
      <symbol id="sm-9f">
         <name>TIMG12_IRQHandler</name>
         <value>0xce1</value>
         <object_component_ref idref="oc-33"/>
      </symbol>
      <symbol id="sm-a0">
         <name>I2C0_IRQHandler</name>
         <value>0xce1</value>
         <object_component_ref idref="oc-33"/>
      </symbol>
      <symbol id="sm-a1">
         <name>I2C1_IRQHandler</name>
         <value>0xce1</value>
         <object_component_ref idref="oc-33"/>
      </symbol>
      <symbol id="sm-a2">
         <name>AES_IRQHandler</name>
         <value>0xce1</value>
         <object_component_ref idref="oc-33"/>
      </symbol>
      <symbol id="sm-a3">
         <name>RTC_IRQHandler</name>
         <value>0xce1</value>
         <object_component_ref idref="oc-33"/>
      </symbol>
      <symbol id="sm-a4">
         <name>DMA_IRQHandler</name>
         <value>0xce1</value>
         <object_component_ref idref="oc-33"/>
      </symbol>
      <symbol id="sm-b1">
         <name>DL_ADC12_setClockConfig</name>
         <value>0x3f1</value>
         <object_component_ref idref="oc-114"/>
      </symbol>
      <symbol id="sm-bb">
         <name>DL_Common_delayCycles</name>
         <value>0xbc5</value>
         <object_component_ref idref="oc-aa"/>
      </symbol>
      <symbol id="sm-de">
         <name>DL_UART_init</name>
         <value>0x43d</value>
         <object_component_ref idref="oc-10d"/>
      </symbol>
      <symbol id="sm-df">
         <name>DL_UART_setClockConfig</name>
         <value>0x819</value>
         <object_component_ref idref="oc-108"/>
      </symbol>
      <symbol id="sm-fe">
         <name>analog_conv_enable_active_high</name>
         <value>0xb83</value>
         <object_component_ref idref="oc-13c"/>
      </symbol>
      <symbol id="sm-ff">
         <name>analog_conv_disable_active_high</name>
         <value>0xb6d</value>
         <object_component_ref idref="oc-13d"/>
      </symbol>
      <symbol id="sm-100">
         <name>enable_converter_by_pin</name>
         <value>0x9ab</value>
         <object_component_ref idref="oc-a1"/>
      </symbol>
      <symbol id="sm-101">
         <name>disable_converter_by_pin</name>
         <value>0x991</value>
         <object_component_ref idref="oc-af"/>
      </symbol>
      <symbol id="sm-102">
         <name>get_voltage_by_ADC</name>
         <value>0xcc5</value>
         <object_component_ref idref="oc-13b"/>
      </symbol>
      <symbol id="sm-115">
         <name>CreateDC1V2</name>
         <value>0x879</value>
         <object_component_ref idref="oc-9c"/>
      </symbol>
      <symbol id="sm-122">
         <name>HAL_UART_Transmit</name>
         <value>0x19d</value>
         <object_component_ref idref="oc-dc"/>
      </symbol>
      <symbol id="sm-131">
         <name>toggle_flag</name>
         <value>0x62d</value>
         <object_component_ref idref="oc-5f"/>
      </symbol>
      <symbol id="sm-132">
         <name>init_flag</name>
         <value>0x975</value>
         <object_component_ref idref="oc-a0"/>
      </symbol>
      <symbol id="sm-133">
         <name>wait_ADC_conversion_done</name>
         <value>0x6f1</value>
         <object_component_ref idref="oc-a8"/>
      </symbol>
      <symbol id="sm-149">
         <name>init_log_message</name>
         <value>0xcd9</value>
         <object_component_ref idref="oc-96"/>
      </symbol>
      <symbol id="sm-14a">
         <name>send_log_message</name>
         <value>0x569</value>
         <object_component_ref idref="oc-9b"/>
      </symbol>
      <symbol id="sm-14b">
         <name>log_array</name>
         <value>0x20200000</value>
      </symbol>
      <symbol id="sm-1d2">
         <name>SYSCFG_DL_init</name>
         <value>0xafd</value>
         <object_component_ref idref="oc-8c"/>
      </symbol>
      <symbol id="sm-1d3">
         <name>SYSCFG_DL_initPower</name>
         <value>0x34d</value>
         <object_component_ref idref="oc-d2"/>
      </symbol>
      <symbol id="sm-1d4">
         <name>SYSCFG_DL_GPIO_init</name>
         <value>0x3a1</value>
         <object_component_ref idref="oc-d3"/>
      </symbol>
      <symbol id="sm-1d5">
         <name>SYSCFG_DL_SYSCTL_init</name>
         <value>0x74d</value>
         <object_component_ref idref="oc-d4"/>
      </symbol>
      <symbol id="sm-1d6">
         <name>SYSCFG_DL_UART_0_init</name>
         <value>0x521</value>
         <object_component_ref idref="oc-d5"/>
      </symbol>
      <symbol id="sm-1d7">
         <name>SYSCFG_DL_ADC12_0_init</name>
         <value>0x245</value>
         <object_component_ref idref="oc-d6"/>
      </symbol>
      <symbol id="sm-1d8">
         <name>__TI_ATRegion0_src_addr</name>
         <value>0x0</value>
      </symbol>
      <symbol id="sm-1d9">
         <name>__TI_ATRegion0_trg_addr</name>
         <value>0x0</value>
      </symbol>
      <symbol id="sm-1da">
         <name>__TI_ATRegion0_region_sz</name>
         <value>0x0</value>
      </symbol>
      <symbol id="sm-1db">
         <name>__TI_ATRegion1_src_addr</name>
         <value>0x0</value>
      </symbol>
      <symbol id="sm-1dc">
         <name>__TI_ATRegion1_trg_addr</name>
         <value>0x0</value>
      </symbol>
      <symbol id="sm-1dd">
         <name>__TI_ATRegion1_region_sz</name>
         <value>0x0</value>
      </symbol>
      <symbol id="sm-1de">
         <name>__TI_ATRegion2_src_addr</name>
         <value>0x0</value>
      </symbol>
      <symbol id="sm-1df">
         <name>__TI_ATRegion2_trg_addr</name>
         <value>0x0</value>
      </symbol>
      <symbol id="sm-1e0">
         <name>__TI_ATRegion2_region_sz</name>
         <value>0x0</value>
      </symbol>
      <symbol id="sm-1eb">
         <name>_c_int00_noargs</name>
         <value>0x7f1</value>
         <object_component_ref idref="oc-55"/>
      </symbol>
      <symbol id="sm-1ec">
         <name>__stack</name>
         <value>0x20207e00</value>
         <object_component_ref idref="oc-1a"/>
      </symbol>
      <symbol id="sm-1f8">
         <name>__TI_auto_init_nobinit_nopinit</name>
         <value>0x5f1</value>
         <object_component_ref idref="oc-b9"/>
      </symbol>
      <symbol id="sm-200">
         <name>_system_pre_init</name>
         <value>0xce9</value>
         <object_component_ref idref="oc-71"/>
      </symbol>
      <symbol id="sm-20b">
         <name>__TI_zero_init_nomemset</name>
         <value>0xbaf</value>
         <object_component_ref idref="oc-4c"/>
      </symbol>
      <symbol id="sm-214">
         <name>__TI_decompress_none</name>
         <value>0xc73</value>
         <object_component_ref idref="oc-20"/>
      </symbol>
      <symbol id="sm-21f">
         <name>__TI_decompress_lzss</name>
         <value>0x2d5</value>
         <object_component_ref idref="oc-1c"/>
      </symbol>
      <symbol id="sm-229">
         <name>abort</name>
         <value>0xced</value>
         <object_component_ref idref="oc-b2"/>
      </symbol>
      <symbol id="sm-22a">
         <name>C$$EXIT</name>
         <value>0xcec</value>
         <object_component_ref idref="oc-b2"/>
      </symbol>
      <symbol id="sm-232">
         <name>__aeabi_memcpy</name>
         <value>0xcd1</value>
         <object_component_ref idref="oc-45"/>
      </symbol>
      <symbol id="sm-233">
         <name>__aeabi_memcpy4</name>
         <value>0xcd1</value>
         <object_component_ref idref="oc-45"/>
      </symbol>
      <symbol id="sm-234">
         <name>__aeabi_memcpy8</name>
         <value>0xcd1</value>
         <object_component_ref idref="oc-45"/>
      </symbol>
      <symbol id="sm-23e">
         <name>TI_memcpy_small</name>
         <value>0xc61</value>
         <object_component_ref idref="oc-82"/>
      </symbol>
      <symbol id="sm-23f">
         <name>__TI_static_base__</name>
         <value>0x0</value>
      </symbol>
      <symbol id="sm-242">
         <name>__mpu_init</name>
         <value>0x0</value>
      </symbol>
      <symbol id="sm-243">
         <name>_system_post_cinit</name>
         <value>0x0</value>
      </symbol>
   </symbol_table>
   <title>Link successful</title>
</link_info>
